04:18:32 **** Build of project Lab_3_bsp ****
make -k all 
Running Make include in ps7_cortexa9_0/libsrc/coresightps_dcc_v1_4/src
make -C ps7_cortexa9_0/libsrc/coresightps_dcc_v1_4/src -s include  "SHELL=/bin/sh" "COMPILER=arm-none-eabi-gcc" "ARCHIVER=arm-none-eabi-ar" "COMPILER_FLAGS=  -O2 -c" "EXTRA_COMPILER_FLAGS=-mcpu=cortex-a9 -mfpu=vfpv3 -mfloat-abi=hard -nostartfiles -g -Wall -Wextra"
Running Make include in ps7_cortexa9_0/libsrc/cpu_cortexa9_v2_7/src
make -C ps7_cortexa9_0/libsrc/cpu_cortexa9_v2_7/src -s include  "SHELL=/bin/sh" "COMPILER=arm-none-eabi-gcc" "ARCHIVER=arm-none-eabi-ar" "COMPILER_FLAGS=  -O2 -c" "EXTRA_COMPILER_FLAGS=-mcpu=cortex-a9 -mfpu=vfpv3 -mfloat-abi=hard -nostartfiles -g -Wall -Wextra"
Running Make include in ps7_cortexa9_0/libsrc/ddrps_v1_0/src
make -C ps7_cortexa9_0/libsrc/ddrps_v1_0/src -s include  "SHELL=/bin/sh" "COMPILER=arm-none-eabi-gcc" "ARCHIVER=arm-none-eabi-ar" "COMPILER_FLAGS=  -O2 -c" "EXTRA_COMPILER_FLAGS=-mcpu=cortex-a9 -mfpu=vfpv3 -mfloat-abi=hard -nostartfiles -g -Wall -Wextra"
Running Make include in ps7_cortexa9_0/libsrc/devcfg_v3_5/src
make -C ps7_cortexa9_0/libsrc/devcfg_v3_5/src -s include  "SHELL=/bin/sh" "COMPILER=arm-none-eabi-gcc" "ARCHIVER=arm-none-eabi-ar" "COMPILER_FLAGS=  -O2 -c" "EXTRA_COMPILER_FLAGS=-mcpu=cortex-a9 -mfpu=vfpv3 -mfloat-abi=hard -nostartfiles -g -Wall -Wextra"
Running Make include in ps7_cortexa9_0/libsrc/dmaps_v2_4/src
make -C ps7_cortexa9_0/libsrc/dmaps_v2_4/src -s include  "SHELL=/bin/sh" "COMPILER=arm-none-eabi-gcc" "ARCHIVER=arm-none-eabi-ar" "COMPILER_FLAGS=  -O2 -c" "EXTRA_COMPILER_FLAGS=-mcpu=cortex-a9 -mfpu=vfpv3 -mfloat-abi=hard -nostartfiles -g -Wall -Wextra"
Running Make include in ps7_cortexa9_0/libsrc/emacps_v3_8/src
make -C ps7_cortexa9_0/libsrc/emacps_v3_8/src -s include  "SHELL=/bin/sh" "COMPILER=arm-none-eabi-gcc" "ARCHIVER=arm-none-eabi-ar" "COMPILER_FLAGS=  -O2 -c" "EXTRA_COMPILER_FLAGS=-mcpu=cortex-a9 -mfpu=vfpv3 -mfloat-abi=hard -nostartfiles -g -Wall -Wextra"
Running Make include in ps7_cortexa9_0/libsrc/gpiops_v3_4/src
make -C ps7_cortexa9_0/libsrc/gpiops_v3_4/src -s include  "SHELL=/bin/sh" "COMPILER=arm-none-eabi-gcc" "ARCHIVER=arm-none-eabi-ar" "COMPILER_FLAGS=  -O2 -c" "EXTRA_COMPILER_FLAGS=-mcpu=cortex-a9 -mfpu=vfpv3 -mfloat-abi=hard -nostartfiles -g -Wall -Wextra"
Running Make include in ps7_cortexa9_0/libsrc/qspips_v3_5/src
make -C ps7_cortexa9_0/libsrc/qspips_v3_5/src -s include  "SHELL=/bin/sh" "COMPILER=arm-none-eabi-gcc" "ARCHIVER=arm-none-eabi-ar" "COMPILER_FLAGS=  -O2 -c" "EXTRA_COMPILER_FLAGS=-mcpu=cortex-a9 -mfpu=vfpv3 -mfloat-abi=hard -nostartfiles -g -Wall -Wextra"
Running Make include in ps7_cortexa9_0/libsrc/scugic_v3_10/src
make -C ps7_cortexa9_0/libsrc/scugic_v3_10/src -s include  "SHELL=/bin/sh" "COMPILER=arm-none-eabi-gcc" "ARCHIVER=arm-none-eabi-ar" "COMPILER_FLAGS=  -O2 -c" "EXTRA_COMPILER_FLAGS=-mcpu=cortex-a9 -mfpu=vfpv3 -mfloat-abi=hard -nostartfiles -g -Wall -Wextra"
Running Make include in ps7_cortexa9_0/libsrc/scutimer_v2_1/src
make -C ps7_cortexa9_0/libsrc/scutimer_v2_1/src -s include  "SHELL=/bin/sh" "COMPILER=arm-none-eabi-gcc" "ARCHIVER=arm-none-eabi-ar" "COMPILER_FLAGS=  -O2 -c" "EXTRA_COMPILER_FLAGS=-mcpu=cortex-a9 -mfpu=vfpv3 -mfloat-abi=hard -nostartfiles -g -Wall -Wextra"
Running Make include in ps7_cortexa9_0/libsrc/scuwdt_v2_1/src
make -C ps7_cortexa9_0/libsrc/scuwdt_v2_1/src -s include  "SHELL=/bin/sh" "COMPILER=arm-none-eabi-gcc" "ARCHIVER=arm-none-eabi-ar" "COMPILER_FLAGS=  -O2 -c" "EXTRA_COMPILER_FLAGS=-mcpu=cortex-a9 -mfpu=vfpv3 -mfloat-abi=hard -nostartfiles -g -Wall -Wextra"
Running Make include in ps7_cortexa9_0/libsrc/sdps_v3_6/src
make -C ps7_cortexa9_0/libsrc/sdps_v3_6/src -s include  "SHELL=/bin/sh" "COMPILER=arm-none-eabi-gcc" "ARCHIVER=arm-none-eabi-ar" "COMPILER_FLAGS=  -O2 -c" "EXTRA_COMPILER_FLAGS=-mcpu=cortex-a9 -mfpu=vfpv3 -mfloat-abi=hard -nostartfiles -g -Wall -Wextra"
Running Make include in ps7_cortexa9_0/libsrc/standalone_v6_8/src
make -C ps7_cortexa9_0/libsrc/standalone_v6_8/src -s include  "SHELL=/bin/sh" "COMPILER=arm-none-eabi-gcc" "ARCHIVER=arm-none-eabi-ar" "COMPILER_FLAGS=  -O2 -c" "EXTRA_COMPILER_FLAGS=-mcpu=cortex-a9 -mfpu=vfpv3 -mfloat-abi=hard -nostartfiles -g -Wall -Wextra"
Running Make include in ps7_cortexa9_0/libsrc/uartps_v3_7/src
make -C ps7_cortexa9_0/libsrc/uartps_v3_7/src -s include  "SHELL=/bin/sh" "COMPILER=arm-none-eabi-gcc" "ARCHIVER=arm-none-eabi-ar" "COMPILER_FLAGS=  -O2 -c" "EXTRA_COMPILER_FLAGS=-mcpu=cortex-a9 -mfpu=vfpv3 -mfloat-abi=hard -nostartfiles -g -Wall -Wextra"
Running Make include in ps7_cortexa9_0/libsrc/usbps_v2_4/src
make -C ps7_cortexa9_0/libsrc/usbps_v2_4/src -s include  "SHELL=/bin/sh" "COMPILER=arm-none-eabi-gcc" "ARCHIVER=arm-none-eabi-ar" "COMPILER_FLAGS=  -O2 -c" "EXTRA_COMPILER_FLAGS=-mcpu=cortex-a9 -mfpu=vfpv3 -mfloat-abi=hard -nostartfiles -g -Wall -Wextra"
Running Make include in ps7_cortexa9_0/libsrc/xadcps_v2_3/src
make -C ps7_cortexa9_0/libsrc/xadcps_v2_3/src -s include  "SHELL=/bin/sh" "COMPILER=arm-none-eabi-gcc" "ARCHIVER=arm-none-eabi-ar" "COMPILER_FLAGS=  -O2 -c" "EXTRA_COMPILER_FLAGS=-mcpu=cortex-a9 -mfpu=vfpv3 -mfloat-abi=hard -nostartfiles -g -Wall -Wextra"
Running Make libs in ps7_cortexa9_0/libsrc/coresightps_dcc_v1_4/src
make -C ps7_cortexa9_0/libsrc/coresightps_dcc_v1_4/src -s libs  "SHELL=/bin/sh" "COMPILER=arm-none-eabi-gcc" "ARCHIVER=arm-none-eabi-ar" "COMPILER_FLAGS=  -O2 -c" "EXTRA_COMPILER_FLAGS=-mcpu=cortex-a9 -mfpu=vfpv3 -mfloat-abi=hard -nostartfiles -g -Wall -Wextra"
Compiling coresightps_dcc
arm-none-eabi-ar: creating ../../../lib/libxil.a
Running Make libs in ps7_cortexa9_0/libsrc/cpu_cortexa9_v2_7/src
make -C ps7_cortexa9_0/libsrc/cpu_cortexa9_v2_7/src -s libs  "SHELL=/bin/sh" "COMPILER=arm-none-eabi-gcc" "ARCHIVER=arm-none-eabi-ar" "COMPILER_FLAGS=  -O2 -c" "EXTRA_COMPILER_FLAGS=-mcpu=cortex-a9 -mfpu=vfpv3 -mfloat-abi=hard -nostartfiles -g -Wall -Wextra"
Compiling cpu_cortexa9
Running Make libs in ps7_cortexa9_0/libsrc/ddrps_v1_0/src
make -C ps7_cortexa9_0/libsrc/ddrps_v1_0/src -s libs  "SHELL=/bin/sh" "COMPILER=arm-none-eabi-gcc" "ARCHIVER=arm-none-eabi-ar" "COMPILER_FLAGS=  -O2 -c" "EXTRA_COMPILER_FLAGS=-mcpu=cortex-a9 -mfpu=vfpv3 -mfloat-abi=hard -nostartfiles -g -Wall -Wextra"
Compiling ddrps
Running Make libs in ps7_cortexa9_0/libsrc/devcfg_v3_5/src
make -C ps7_cortexa9_0/libsrc/devcfg_v3_5/src -s libs  "SHELL=/bin/sh" "COMPILER=arm-none-eabi-gcc" "ARCHIVER=arm-none-eabi-ar" "COMPILER_FLAGS=  -O2 -c" "EXTRA_COMPILER_FLAGS=-mcpu=cortex-a9 -mfpu=vfpv3 -mfloat-abi=hard -nostartfiles -g -Wall -Wextra"
Compiling devcfg
Running Make libs in ps7_cortexa9_0/libsrc/dmaps_v2_4/src
make -C ps7_cortexa9_0/libsrc/dmaps_v2_4/src -s libs  "SHELL=/bin/sh" "COMPILER=arm-none-eabi-gcc" "ARCHIVER=arm-none-eabi-ar" "COMPILER_FLAGS=  -O2 -c" "EXTRA_COMPILER_FLAGS=-mcpu=cortex-a9 -mfpu=vfpv3 -mfloat-abi=hard -nostartfiles -g -Wall -Wextra"
Compiling dmaps
Running Make libs in ps7_cortexa9_0/libsrc/emacps_v3_8/src
make -C ps7_cortexa9_0/libsrc/emacps_v3_8/src -s libs  "SHELL=/bin/sh" "COMPILER=arm-none-eabi-gcc" "ARCHIVER=arm-none-eabi-ar" "COMPILER_FLAGS=  -O2 -c" "EXTRA_COMPILER_FLAGS=-mcpu=cortex-a9 -mfpu=vfpv3 -mfloat-abi=hard -nostartfiles -g -Wall -Wextra"
Compiling emacps
Running Make libs in ps7_cortexa9_0/libsrc/gpiops_v3_4/src
make -C ps7_cortexa9_0/libsrc/gpiops_v3_4/src -s libs  "SHELL=/bin/sh" "COMPILER=arm-none-eabi-gcc" "ARCHIVER=arm-none-eabi-ar" "COMPILER_FLAGS=  -O2 -c" "EXTRA_COMPILER_FLAGS=-mcpu=cortex-a9 -mfpu=vfpv3 -mfloat-abi=hard -nostartfiles -g -Wall -Wextra"
Compiling gpiops
Running Make libs in ps7_cortexa9_0/libsrc/qspips_v3_5/src
make -C ps7_cortexa9_0/libsrc/qspips_v3_5/src -s libs  "SHELL=/bin/sh" "COMPILER=arm-none-eabi-gcc" "ARCHIVER=arm-none-eabi-ar" "COMPILER_FLAGS=  -O2 -c" "EXTRA_COMPILER_FLAGS=-mcpu=cortex-a9 -mfpu=vfpv3 -mfloat-abi=hard -nostartfiles -g -Wall -Wextra"
Compiling qspips
Running Make libs in ps7_cortexa9_0/libsrc/scugic_v3_10/src
make -C ps7_cortexa9_0/libsrc/scugic_v3_10/src -s libs  "SHELL=/bin/sh" "COMPILER=arm-none-eabi-gcc" "ARCHIVER=arm-none-eabi-ar" "COMPILER_FLAGS=  -O2 -c" "EXTRA_COMPILER_FLAGS=-mcpu=cortex-a9 -mfpu=vfpv3 -mfloat-abi=hard -nostartfiles -g -Wall -Wextra"
Compiling scugic
Running Make libs in ps7_cortexa9_0/libsrc/scutimer_v2_1/src
make -C ps7_cortexa9_0/libsrc/scutimer_v2_1/src -s libs  "SHELL=/bin/sh" "COMPILER=arm-none-eabi-gcc" "ARCHIVER=arm-none-eabi-ar" "COMPILER_FLAGS=  -O2 -c" "EXTRA_COMPILER_FLAGS=-mcpu=cortex-a9 -mfpu=vfpv3 -mfloat-abi=hard -nostartfiles -g -Wall -Wextra"
Compiling scutimer
Running Make libs in ps7_cortexa9_0/libsrc/scuwdt_v2_1/src
make -C ps7_cortexa9_0/libsrc/scuwdt_v2_1/src -s libs  "SHELL=/bin/sh" "COMPILER=arm-none-eabi-gcc" "ARCHIVER=arm-none-eabi-ar" "COMPILER_FLAGS=  -O2 -c" "EXTRA_COMPILER_FLAGS=-mcpu=cortex-a9 -mfpu=vfpv3 -mfloat-abi=hard -nostartfiles -g -Wall -Wextra"
Compiling scuwdt
Running Make libs in ps7_cortexa9_0/libsrc/sdps_v3_6/src
make -C ps7_cortexa9_0/libsrc/sdps_v3_6/src -s libs  "SHELL=/bin/sh" "COMPILER=arm-none-eabi-gcc" "ARCHIVER=arm-none-eabi-ar" "COMPILER_FLAGS=  -O2 -c" "EXTRA_COMPILER_FLAGS=-mcpu=cortex-a9 -mfpu=vfpv3 -mfloat-abi=hard -nostartfiles -g -Wall -Wextra"
Compiling sdps
Running Make libs in ps7_cortexa9_0/libsrc/standalone_v6_8/src
make -C ps7_cortexa9_0/libsrc/standalone_v6_8/src -s libs  "SHELL=/bin/sh" "COMPILER=arm-none-eabi-gcc" "ARCHIVER=arm-none-eabi-ar" "COMPILER_FLAGS=  -O2 -c" "EXTRA_COMPILER_FLAGS=-mcpu=cortex-a9 -mfpu=vfpv3 -mfloat-abi=hard -nostartfiles -g -Wall -Wextra"
Compiling standalone
In file included from sleep.c:53:0:
xtime_l.h:87:9: note: #pragma message: For the sleep routines, Global timer is being used
 #pragma message ("For the sleep routines, Global timer is being used")
         ^~~~~~~
In file included from usleep.c:56:0:
xtime_l.h:87:9: note: #pragma message: For the sleep routines, Global timer is being used
 #pragma message ("For the sleep routines, Global timer is being used")
         ^~~~~~~
In file included from xil_sleeptimer.c:51:0:
xtime_l.h:87:9: note: #pragma message: For the sleep routines, Global timer is being used
 #pragma message ("For the sleep routines, Global timer is being used")
         ^~~~~~~
In file included from xtime_l.c:49:0:
xtime_l.h:87:9: note: #pragma message: For the sleep routines, Global timer is being used
 #pragma message ("For the sleep routines, Global timer is being used")
         ^~~~~~~
Running Make libs in ps7_cortexa9_0/libsrc/uartps_v3_7/src
make -C ps7_cortexa9_0/libsrc/uartps_v3_7/src -s libs  "SHELL=/bin/sh" "COMPILER=arm-none-eabi-gcc" "ARCHIVER=arm-none-eabi-ar" "COMPILER_FLAGS=  -O2 -c" "EXTRA_COMPILER_FLAGS=-mcpu=cortex-a9 -mfpu=vfpv3 -mfloat-abi=hard -nostartfiles -g -Wall -Wextra"
Compiling uartps
Running Make libs in ps7_cortexa9_0/libsrc/usbps_v2_4/src
make -C ps7_cortexa9_0/libsrc/usbps_v2_4/src -s libs  "SHELL=/bin/sh" "COMPILER=arm-none-eabi-gcc" "ARCHIVER=arm-none-eabi-ar" "COMPILER_FLAGS=  -O2 -c" "EXTRA_COMPILER_FLAGS=-mcpu=cortex-a9 -mfpu=vfpv3 -mfloat-abi=hard -nostartfiles -g -Wall -Wextra"
Compiling usbps
Running Make libs in ps7_cortexa9_0/libsrc/xadcps_v2_3/src
make -C ps7_cortexa9_0/libsrc/xadcps_v2_3/src -s libs  "SHELL=/bin/sh" "COMPILER=arm-none-eabi-gcc" "ARCHIVER=arm-none-eabi-ar" "COMPILER_FLAGS=  -O2 -c" "EXTRA_COMPILER_FLAGS=-mcpu=cortex-a9 -mfpu=vfpv3 -mfloat-abi=hard -nostartfiles -g -Wall -Wextra"
Compiling xadcps
Finished building libraries

**** Build of configuration Debug for project multiplication ****

Nothing to build for project multiplication
04:19:35 **** Auto Build of configuration Debug for project multiplication ****
make pre-build main-build 
a9-linaro-pre-build-step
 
Building file: ../src/multiplication.c
Invoking: ARM v7 gcc compiler
arm-none-eabi-gcc -Wall -O0 -g3 -c -fmessage-length=0 -MT"src/multiplication.o" -mcpu=cortex-a9 -mfpu=vfpv3 -mfloat-abi=hard -I../../Lab_3_bsp/ps7_cortexa9_0/include -MMD -MP -MF"src/multiplication.d" -MT"src/multiplication.o" -o "src/multiplication.o" "../src/multiplication.c"
Finished building: ../src/multiplication.c
 
Building target: multiplication.elf
Invoking: ARM v7 gcc linker
arm-none-eabi-gcc -mcpu=cortex-a9 -mfpu=vfpv3 -mfloat-abi=hard -Wl,-build-id=none -specs=Xilinx.spec -Wl,-T -Wl,../src/lscript.ld -L../../Lab_3_bsp/ps7_cortexa9_0/lib -o "multiplication.elf" ./src/multiplication.o   -Wl,--start-group,-lxil,-lgcc,-lc,--end-group
../../Lab_3_bsp/ps7_cortexa9_0/lib/libxil.a(xil-crt0.o): In function `_start':
/home/josh/projects/ece1195/lab3/lab_3/lab_3.sdk/Lab_3_bsp/ps7_cortexa9_0/libsrc/standalone_v6_8/src/xil-crt0.S:138: undefined reference to `main'
collect2: error: ld returned 1 exit status
make: *** [makefile:41: multiplication.elf] Error 1
04:20:02 **** Auto Build of configuration Debug for project multiplication ****
make pre-build main-build 
a9-linaro-pre-build-step
 
Building file: ../src/multiplication.c
Invoking: ARM v7 gcc compiler
arm-none-eabi-gcc -Wall -O0 -g3 -c -fmessage-length=0 -MT"src/multiplication.o" -mcpu=cortex-a9 -mfpu=vfpv3 -mfloat-abi=hard -I../../Lab_3_bsp/ps7_cortexa9_0/include -MMD -MP -MF"src/multiplication.d" -MT"src/multiplication.o" -o "src/multiplication.o" "../src/multiplication.c"
Finished building: ../src/multiplication.c
 
Building target: multiplication.elf
Invoking: ARM v7 gcc linker
arm-none-eabi-gcc -mcpu=cortex-a9 -mfpu=vfpv3 -mfloat-abi=hard -Wl,-build-id=none -specs=Xilinx.spec -Wl,-T -Wl,../src/lscript.ld -L../../Lab_3_bsp/ps7_cortexa9_0/lib -o "multiplication.elf" ./src/multiplication.o   -Wl,--start-group,-lxil,-lgcc,-lc,--end-group
Finished building target: multiplication.elf
 
Invoking: ARM v7 Print Size
arm-none-eabi-size multiplication.elf  |tee "multiplication.elf.size"
   text	   data	    bss	    dec	    hex	filename
  70648	   2580	  23328	  96556	  1792c	multiplication.elf
Finished building: multiplication.elf.size
 
04:20:36 **** Auto Build of configuration Debug for project multiplication ****
make pre-build main-build 
a9-linaro-pre-build-step
 
Building file: ../src/multiplication.c
Invoking: ARM v7 gcc compiler
arm-none-eabi-gcc -Wall -O0 -g3 -c -fmessage-length=0 -MT"src/multiplication.o" -mcpu=cortex-a9 -mfpu=vfpv3 -mfloat-abi=hard -I../../Lab_3_bsp/ps7_cortexa9_0/include -MMD -MP -MF"src/multiplication.d" -MT"src/multiplication.o" -o "src/multiplication.o" "../src/multiplication.c"
Finished building: ../src/multiplication.c
 
Building target: multiplication.elf
Invoking: ARM v7 gcc linker
arm-none-eabi-gcc -mcpu=cortex-a9 -mfpu=vfpv3 -mfloat-abi=hard -Wl,-build-id=none -specs=Xilinx.spec -Wl,-T -Wl,../src/lscript.ld -L../../Lab_3_bsp/ps7_cortexa9_0/lib -o "multiplication.elf" ./src/multiplication.o   -Wl,--start-group,-lxil,-lgcc,-lc,--end-group
Finished building target: multiplication.elf
 
Invoking: ARM v7 Print Size
arm-none-eabi-size multiplication.elf  |tee "multiplication.elf.size"
   text	   data	    bss	    dec	    hex	filename
  70648	   2580	  23328	  96556	  1792c	multiplication.elf
Finished building: multiplication.elf.size
 
04:20:54 **** Auto Build of configuration Debug for project multiplication ****
make pre-build main-build 
a9-linaro-pre-build-step
 
Building file: ../src/multiplication.c
Invoking: ARM v7 gcc compiler
arm-none-eabi-gcc -Wall -O0 -g3 -c -fmessage-length=0 -MT"src/multiplication.o" -mcpu=cortex-a9 -mfpu=vfpv3 -mfloat-abi=hard -I../../Lab_3_bsp/ps7_cortexa9_0/include -MMD -MP -MF"src/multiplication.d" -MT"src/multiplication.o" -o "src/multiplication.o" "../src/multiplication.c"
Finished building: ../src/multiplication.c
 
Building target: multiplication.elf
Invoking: ARM v7 gcc linker
arm-none-eabi-gcc -mcpu=cortex-a9 -mfpu=vfpv3 -mfloat-abi=hard -Wl,-build-id=none -specs=Xilinx.spec -Wl,-T -Wl,../src/lscript.ld -L../../Lab_3_bsp/ps7_cortexa9_0/lib -o "multiplication.elf" ./src/multiplication.o   -Wl,--start-group,-lxil,-lgcc,-lc,--end-group
Finished building target: multiplication.elf
 
Invoking: ARM v7 Print Size
arm-none-eabi-size multiplication.elf  |tee "multiplication.elf.size"
   text	   data	    bss	    dec	    hex	filename
  70648	   2580	  23328	  96556	  1792c	multiplication.elf
Finished building: multiplication.elf.size
 
04:23:21 **** Auto Build of configuration Debug for project multiplication ****
make pre-build main-build 
a9-linaro-pre-build-step
 
Building file: ../src/multiplication.c
Invoking: ARM v7 gcc compiler
arm-none-eabi-gcc -Wall -O0 -g3 -c -fmessage-length=0 -MT"src/multiplication.o" -mcpu=cortex-a9 -mfpu=vfpv3 -mfloat-abi=hard -I../../Lab_3_bsp/ps7_cortexa9_0/include -MMD -MP -MF"src/multiplication.d" -MT"src/multiplication.o" -o "src/multiplication.o" "../src/multiplication.c"
Finished building: ../src/multiplication.c
 
Building target: multiplication.elf
Invoking: ARM v7 gcc linker
arm-none-eabi-gcc -mcpu=cortex-a9 -mfpu=vfpv3 -mfloat-abi=hard -Wl,-build-id=none -specs=Xilinx.spec -Wl,-T -Wl,../src/lscript.ld -L../../Lab_3_bsp/ps7_cortexa9_0/lib -o "multiplication.elf" ./src/multiplication.o   -Wl,--start-group,-lxil,-lgcc,-lc,--end-group
Finished building target: multiplication.elf
 
Invoking: ARM v7 Print Size
arm-none-eabi-size multiplication.elf  |tee "multiplication.elf.size"
   text	   data	    bss	    dec	    hex	filename
  70648	   2580	  23328	  96556	  1792c	multiplication.elf
Finished building: multiplication.elf.size
 
04:23:39 **** Auto Build of configuration Debug for project multiplication ****
make pre-build main-build 
a9-linaro-pre-build-step
 
Building file: ../src/multiplication.c
Invoking: ARM v7 gcc compiler
arm-none-eabi-gcc -Wall -O0 -g3 -c -fmessage-length=0 -MT"src/multiplication.o" -mcpu=cortex-a9 -mfpu=vfpv3 -mfloat-abi=hard -I../../Lab_3_bsp/ps7_cortexa9_0/include -MMD -MP -MF"src/multiplication.d" -MT"src/multiplication.o" -o "src/multiplication.o" "../src/multiplication.c"
Finished building: ../src/multiplication.c
 
Building target: multiplication.elf
Invoking: ARM v7 gcc linker
arm-none-eabi-gcc -mcpu=cortex-a9 -mfpu=vfpv3 -mfloat-abi=hard -Wl,-build-id=none -specs=Xilinx.spec -Wl,-T -Wl,../src/lscript.ld -L../../Lab_3_bsp/ps7_cortexa9_0/lib -o "multiplication.elf" ./src/multiplication.o   -Wl,--start-group,-lxil,-lgcc,-lc,--end-group
Finished building target: multiplication.elf
 
Invoking: ARM v7 Print Size
arm-none-eabi-size multiplication.elf  |tee "multiplication.elf.size"
   text	   data	    bss	    dec	    hex	filename
  70712	   2580	  23328	  96620	  1796c	multiplication.elf
Finished building: multiplication.elf.size
 
04:23:59 **** Auto Build of configuration Debug for project multiplication ****
make pre-build main-build 
a9-linaro-pre-build-step
 
Building file: ../src/multiplication.c
Invoking: ARM v7 gcc compiler
arm-none-eabi-gcc -Wall -O0 -g3 -c -fmessage-length=0 -MT"src/multiplication.o" -mcpu=cortex-a9 -mfpu=vfpv3 -mfloat-abi=hard -I../../Lab_3_bsp/ps7_cortexa9_0/include -MMD -MP -MF"src/multiplication.d" -MT"src/multiplication.o" -o "src/multiplication.o" "../src/multiplication.c"
Finished building: ../src/multiplication.c
 
Building target: multiplication.elf
Invoking: ARM v7 gcc linker
arm-none-eabi-gcc -mcpu=cortex-a9 -mfpu=vfpv3 -mfloat-abi=hard -Wl,-build-id=none -specs=Xilinx.spec -Wl,-T -Wl,../src/lscript.ld -L../../Lab_3_bsp/ps7_cortexa9_0/lib -o "multiplication.elf" ./src/multiplication.o   -Wl,--start-group,-lxil,-lgcc,-lc,--end-group
Finished building target: multiplication.elf
 
Invoking: ARM v7 Print Size
arm-none-eabi-size multiplication.elf  |tee "multiplication.elf.size"
   text	   data	    bss	    dec	    hex	filename
  70712	   2580	  23328	  96620	  1796c	multiplication.elf
Finished building: multiplication.elf.size
 
04:24:20 **** Auto Build of configuration Debug for project multiplication ****
make pre-build main-build 
a9-linaro-pre-build-step
 
Building file: ../src/multiplication.c
Invoking: ARM v7 gcc compiler
arm-none-eabi-gcc -Wall -O0 -g3 -c -fmessage-length=0 -MT"src/multiplication.o" -mcpu=cortex-a9 -mfpu=vfpv3 -mfloat-abi=hard -I../../Lab_3_bsp/ps7_cortexa9_0/include -MMD -MP -MF"src/multiplication.d" -MT"src/multiplication.o" -o "src/multiplication.o" "../src/multiplication.c"
../src/multiplication.c: In function 'main':
../src/multiplication.c:7:2: error: expected ';' before 'uint32_t'
  uint32_t *regmap = (uint32_t *) 0x70000000; // base address of axi_regmap as set in the Vivado address editor
  ^~~~~~~~
../src/multiplication.c:17:2: error: 'regmap' undeclared (first use in this function); did you mean 'reg'?
  regmap[0] = A;
  ^~~~~~
  reg
../src/multiplication.c:17:2: note: each undeclared identifier is reported only once for each function it appears in
make: *** [src/subdir.mk:23: src/multiplication.o] Error 1
04:24:23 **** Auto Build of configuration Debug for project multiplication ****
make pre-build main-build 
a9-linaro-pre-build-step
 
Building file: ../src/multiplication.c
Invoking: ARM v7 gcc compiler
arm-none-eabi-gcc -Wall -O0 -g3 -c -fmessage-length=0 -MT"src/multiplication.o" -mcpu=cortex-a9 -mfpu=vfpv3 -mfloat-abi=hard -I../../Lab_3_bsp/ps7_cortexa9_0/include -MMD -MP -MF"src/multiplication.d" -MT"src/multiplication.o" -o "src/multiplication.o" "../src/multiplication.c"
Finished building: ../src/multiplication.c
 
Building target: multiplication.elf
Invoking: ARM v7 gcc linker
arm-none-eabi-gcc -mcpu=cortex-a9 -mfpu=vfpv3 -mfloat-abi=hard -Wl,-build-id=none -specs=Xilinx.spec -Wl,-T -Wl,../src/lscript.ld -L../../Lab_3_bsp/ps7_cortexa9_0/lib -o "multiplication.elf" ./src/multiplication.o   -Wl,--start-group,-lxil,-lgcc,-lc,--end-group
Finished building target: multiplication.elf
 
Invoking: ARM v7 Print Size
arm-none-eabi-size multiplication.elf  |tee "multiplication.elf.size"
   text	   data	    bss	    dec	    hex	filename
  70908	   2580	  23328	  96816	  17a30	multiplication.elf
Finished building: multiplication.elf.size
 
04:25:12 **** Incremental Build of configuration Debug for project multiplication ****
make pre-build main-build 
a9-linaro-pre-build-step
 
make: Nothing to be done for 'main-build'.
04:28:17 **** Auto Build of configuration Debug for project multiplication ****
make pre-build main-build 
a9-linaro-pre-build-step
 
Building file: ../src/multiplication.c
Invoking: ARM v7 gcc compiler
arm-none-eabi-gcc -Wall -O0 -g3 -c -fmessage-length=0 -MT"src/multiplication.o" -mcpu=cortex-a9 -mfpu=vfpv3 -mfloat-abi=hard -I../../Lab_3_bsp/ps7_cortexa9_0/include -MMD -MP -MF"src/multiplication.d" -MT"src/multiplication.o" -o "src/multiplication.o" "../src/multiplication.c"
Finished building: ../src/multiplication.c
 
Building target: multiplication.elf
Invoking: ARM v7 gcc linker
arm-none-eabi-gcc -mcpu=cortex-a9 -mfpu=vfpv3 -mfloat-abi=hard -Wl,-build-id=none -specs=Xilinx.spec -Wl,-T -Wl,../src/lscript.ld -L../../Lab_3_bsp/ps7_cortexa9_0/lib -o "multiplication.elf" ./src/multiplication.o   -Wl,--start-group,-lxil,-lgcc,-lc,--end-group
Finished building target: multiplication.elf
 
Invoking: ARM v7 Print Size
arm-none-eabi-size multiplication.elf  |tee "multiplication.elf.size"
   text	   data	    bss	    dec	    hex	filename
  70908	   2580	  23328	  96816	  17a30	multiplication.elf
Finished building: multiplication.elf.size
 
04:28:26 **** Incremental Build of configuration Debug for project multiplication ****
make pre-build main-build 
a9-linaro-pre-build-step
 
make: Nothing to be done for 'main-build'.
04:29:06 **** Auto Build of configuration Debug for project multiplication ****
make pre-build main-build 
a9-linaro-pre-build-step
 
Building file: ../src/multiplication.c
Invoking: ARM v7 gcc compiler
arm-none-eabi-gcc -Wall -O0 -g3 -c -fmessage-length=0 -MT"src/multiplication.o" -mcpu=cortex-a9 -mfpu=vfpv3 -mfloat-abi=hard -I../../Lab_3_bsp/ps7_cortexa9_0/include -MMD -MP -MF"src/multiplication.d" -MT"src/multiplication.o" -o "src/multiplication.o" "../src/multiplication.c"
Finished building: ../src/multiplication.c
 
Building target: multiplication.elf
Invoking: ARM v7 gcc linker
arm-none-eabi-gcc -mcpu=cortex-a9 -mfpu=vfpv3 -mfloat-abi=hard -Wl,-build-id=none -specs=Xilinx.spec -Wl,-T -Wl,../src/lscript.ld -L../../Lab_3_bsp/ps7_cortexa9_0/lib -o "multiplication.elf" ./src/multiplication.o   -Wl,--start-group,-lxil,-lgcc,-lc,--end-group
Finished building target: multiplication.elf
 
Invoking: ARM v7 Print Size
arm-none-eabi-size multiplication.elf  |tee "multiplication.elf.size"
   text	   data	    bss	    dec	    hex	filename
  70908	   2580	  23328	  96816	  17a30	multiplication.elf
Finished building: multiplication.elf.size
 
04:29:13 **** Auto Build of configuration Debug for project multiplication ****
make pre-build main-build 
a9-linaro-pre-build-step
 
Building file: ../src/multiplication.c
Invoking: ARM v7 gcc compiler
arm-none-eabi-gcc -Wall -O0 -g3 -c -fmessage-length=0 -MT"src/multiplication.o" -mcpu=cortex-a9 -mfpu=vfpv3 -mfloat-abi=hard -I../../Lab_3_bsp/ps7_cortexa9_0/include -MMD -MP -MF"src/multiplication.d" -MT"src/multiplication.o" -o "src/multiplication.o" "../src/multiplication.c"
Finished building: ../src/multiplication.c
 
Building target: multiplication.elf
Invoking: ARM v7 gcc linker
arm-none-eabi-gcc -mcpu=cortex-a9 -mfpu=vfpv3 -mfloat-abi=hard -Wl,-build-id=none -specs=Xilinx.spec -Wl,-T -Wl,../src/lscript.ld -L../../Lab_3_bsp/ps7_cortexa9_0/lib -o "multiplication.elf" ./src/multiplication.o   -Wl,--start-group,-lxil,-lgcc,-lc,--end-group
Finished building target: multiplication.elf
 
Invoking: ARM v7 Print Size
arm-none-eabi-size multiplication.elf  |tee "multiplication.elf.size"
   text	   data	    bss	    dec	    hex	filename
  70908	   2580	  23328	  96816	  17a30	multiplication.elf
Finished building: multiplication.elf.size
 
04:30:06 **** Auto Build of configuration Debug for project multiplication ****
make pre-build main-build 
a9-linaro-pre-build-step
 
Building file: ../src/multiplication.c
Invoking: ARM v7 gcc compiler
arm-none-eabi-gcc -Wall -O0 -g3 -c -fmessage-length=0 -MT"src/multiplication.o" -mcpu=cortex-a9 -mfpu=vfpv3 -mfloat-abi=hard -I../../Lab_3_bsp/ps7_cortexa9_0/include -MMD -MP -MF"src/multiplication.d" -MT"src/multiplication.o" -o "src/multiplication.o" "../src/multiplication.c"
../src/multiplication.c: In function 'main':
../src/multiplication.c:27:13: warning: format '%x' expects argument of type 'unsigned int', but argument 2 has type 'uint32_t {aka long unsigned int}' [-Wformat=]
  printf("%81x\n", regmap[3]);
          ~~~^     ~~~~~~~~~
          %81lx
Finished building: ../src/multiplication.c
 
Building target: multiplication.elf
Invoking: ARM v7 gcc linker
arm-none-eabi-gcc -mcpu=cortex-a9 -mfpu=vfpv3 -mfloat-abi=hard -Wl,-build-id=none -specs=Xilinx.spec -Wl,-T -Wl,../src/lscript.ld -L../../Lab_3_bsp/ps7_cortexa9_0/lib -o "multiplication.elf" ./src/multiplication.o   -Wl,--start-group,-lxil,-lgcc,-lc,--end-group
Finished building target: multiplication.elf
 
Invoking: ARM v7 Print Size
arm-none-eabi-size multiplication.elf  |tee "multiplication.elf.size"
   text	   data	    bss	    dec	    hex	filename
  70980	   2580	  23328	  96888	  17a78	multiplication.elf
Finished building: multiplication.elf.size
 
04:30:36 **** Auto Build of configuration Debug for project multiplication ****
make pre-build main-build 
a9-linaro-pre-build-step
 
Building file: ../src/multiplication.c
Invoking: ARM v7 gcc compiler
arm-none-eabi-gcc -Wall -O0 -g3 -c -fmessage-length=0 -MT"src/multiplication.o" -mcpu=cortex-a9 -mfpu=vfpv3 -mfloat-abi=hard -I../../Lab_3_bsp/ps7_cortexa9_0/include -MMD -MP -MF"src/multiplication.d" -MT"src/multiplication.o" -o "src/multiplication.o" "../src/multiplication.c"
../src/multiplication.c: In function 'main':
../src/multiplication.c:27:13: warning: format '%x' expects argument of type 'unsigned int', but argument 2 has type 'uint32_t {aka long unsigned int}' [-Wformat=]
  printf("%81x\n", regmap[3]);
          ~~~^     ~~~~~~~~~
          %81lx
../src/multiplication.c:28:13: warning: format '%x' expects argument of type 'unsigned int', but argument 2 has type 'uint32_t {aka long unsigned int}' [-Wformat=]
  printf("%81x\n", regmap[3]);
          ~~~^     ~~~~~~~~~
          %81lx
Finished building: ../src/multiplication.c
 
Building target: multiplication.elf
Invoking: ARM v7 gcc linker
arm-none-eabi-gcc -mcpu=cortex-a9 -mfpu=vfpv3 -mfloat-abi=hard -Wl,-build-id=none -specs=Xilinx.spec -Wl,-T -Wl,../src/lscript.ld -L../../Lab_3_bsp/ps7_cortexa9_0/lib -o "multiplication.elf" ./src/multiplication.o   -Wl,--start-group,-lxil,-lgcc,-lc,--end-group
Finished building target: multiplication.elf
 
Invoking: ARM v7 Print Size
arm-none-eabi-size multiplication.elf  |tee "multiplication.elf.size"
   text	   data	    bss	    dec	    hex	filename
  70980	   2580	  23328	  96888	  17a78	multiplication.elf
Finished building: multiplication.elf.size
 
04:30:39 **** Auto Build of configuration Debug for project multiplication ****
make pre-build main-build 
a9-linaro-pre-build-step
 
Building file: ../src/multiplication.c
Invoking: ARM v7 gcc compiler
arm-none-eabi-gcc -Wall -O0 -g3 -c -fmessage-length=0 -MT"src/multiplication.o" -mcpu=cortex-a9 -mfpu=vfpv3 -mfloat-abi=hard -I../../Lab_3_bsp/ps7_cortexa9_0/include -MMD -MP -MF"src/multiplication.d" -MT"src/multiplication.o" -o "src/multiplication.o" "../src/multiplication.c"
../src/multiplication.c: In function 'main':
../src/multiplication.c:27:13: warning: format '%x' expects argument of type 'unsigned int', but argument 2 has type 'uint32_t {aka long unsigned int}' [-Wformat=]
  printf("%81x\n", regmap[3]);
          ~~~^     ~~~~~~~~~
          %81lx
../src/multiplication.c:28:13: warning: format '%x' expects argument of type 'unsigned int', but argument 2 has type 'uint32_t {aka long unsigned int}' [-Wformat=]
  printf("%81x\n", regmap[2]);
          ~~~^     ~~~~~~~~~
          %81lx
Finished building: ../src/multiplication.c
 
Building target: multiplication.elf
Invoking: ARM v7 gcc linker
arm-none-eabi-gcc -mcpu=cortex-a9 -mfpu=vfpv3 -mfloat-abi=hard -Wl,-build-id=none -specs=Xilinx.spec -Wl,-T -Wl,../src/lscript.ld -L../../Lab_3_bsp/ps7_cortexa9_0/lib -o "multiplication.elf" ./src/multiplication.o   -Wl,--start-group,-lxil,-lgcc,-lc,--end-group
Finished building target: multiplication.elf
 
Invoking: ARM v7 Print Size
arm-none-eabi-size multiplication.elf  |tee "multiplication.elf.size"
   text	   data	    bss	    dec	    hex	filename
  70980	   2580	  23328	  96888	  17a78	multiplication.elf
Finished building: multiplication.elf.size
 
04:31:03 **** Incremental Build of configuration Debug for project multiplication ****
make pre-build main-build 
a9-linaro-pre-build-step
 
make: Nothing to be done for 'main-build'.
04:34:25 **** Auto Build of configuration Debug for project multiplication ****
make pre-build main-build 
a9-linaro-pre-build-step
 
Building file: ../src/multiplication.c
Invoking: ARM v7 gcc compiler
arm-none-eabi-gcc -Wall -O0 -g3 -c -fmessage-length=0 -MT"src/multiplication.o" -mcpu=cortex-a9 -mfpu=vfpv3 -mfloat-abi=hard -I../../Lab_3_bsp/ps7_cortexa9_0/include -MMD -MP -MF"src/multiplication.d" -MT"src/multiplication.o" -o "src/multiplication.o" "../src/multiplication.c"
../src/multiplication.c: In function 'main':
../src/multiplication.c:27:14: warning: format '%x' expects argument of type 'unsigned int', but argument 2 has type 'uint32_t {aka long unsigned int}' [-Wformat=]
   printf("%81x\n", regmap[3]);
           ~~~^     ~~~~~~~~~
           %81lx
../src/multiplication.c:28:14: warning: format '%x' expects argument of type 'unsigned int', but argument 2 has type 'uint32_t {aka long unsigned int}' [-Wformat=]
   printf("%81x\n", regmap[2]);
           ~~~^     ~~~~~~~~~
           %81lx
Finished building: ../src/multiplication.c
 
Building target: multiplication.elf
Invoking: ARM v7 gcc linker
arm-none-eabi-gcc -mcpu=cortex-a9 -mfpu=vfpv3 -mfloat-abi=hard -Wl,-build-id=none -specs=Xilinx.spec -Wl,-T -Wl,../src/lscript.ld -L../../Lab_3_bsp/ps7_cortexa9_0/lib -o "multiplication.elf" ./src/multiplication.o   -Wl,--start-group,-lxil,-lgcc,-lc,--end-group
Finished building target: multiplication.elf
 
Invoking: ARM v7 Print Size
arm-none-eabi-size multiplication.elf  |tee "multiplication.elf.size"
   text	   data	    bss	    dec	    hex	filename
  70980	   2580	  23328	  96888	  17a78	multiplication.elf
Finished building: multiplication.elf.size
 
04:34:38 **** Incremental Build of configuration Debug for project multiplication ****
make pre-build main-build 
a9-linaro-pre-build-step
 
make: Nothing to be done for 'main-build'.
04:35:25 **** Auto Build of configuration Debug for project multiplication ****
make pre-build main-build 
a9-linaro-pre-build-step
 
Building file: ../src/multiplication.c
Invoking: ARM v7 gcc compiler
arm-none-eabi-gcc -Wall -O0 -g3 -c -fmessage-length=0 -MT"src/multiplication.o" -mcpu=cortex-a9 -mfpu=vfpv3 -mfloat-abi=hard -I../../Lab_3_bsp/ps7_cortexa9_0/include -MMD -MP -MF"src/multiplication.d" -MT"src/multiplication.o" -o "src/multiplication.o" "../src/multiplication.c"
../src/multiplication.c: In function 'main':
../src/multiplication.c:27:14: warning: format '%x' expects argument of type 'unsigned int', but argument 2 has type 'uint32_t {aka long unsigned int}' [-Wformat=]
   printf("%81x\n", regmap[3]);
           ~~~^     ~~~~~~~~~
           %81lx
../src/multiplication.c:28:14: warning: format '%x' expects argument of type 'unsigned int', but argument 2 has type 'uint32_t {aka long unsigned int}' [-Wformat=]
   printf("%81x\n", regmap[2]);
           ~~~^     ~~~~~~~~~
           %81lx
Finished building: ../src/multiplication.c
 
Building target: multiplication.elf
Invoking: ARM v7 gcc linker
arm-none-eabi-gcc -mcpu=cortex-a9 -mfpu=vfpv3 -mfloat-abi=hard -Wl,-build-id=none -specs=Xilinx.spec -Wl,-T -Wl,../src/lscript.ld -L../../Lab_3_bsp/ps7_cortexa9_0/lib -o "multiplication.elf" ./src/multiplication.o   -Wl,--start-group,-lxil,-lgcc,-lc,--end-group
Finished building target: multiplication.elf
 
Invoking: ARM v7 Print Size
arm-none-eabi-size multiplication.elf  |tee "multiplication.elf.size"
   text	   data	    bss	    dec	    hex	filename
  70980	   2580	  23328	  96888	  17a78	multiplication.elf
Finished building: multiplication.elf.size
 
04:35:33 **** Incremental Build of configuration Debug for project multiplication ****
make pre-build main-build 
a9-linaro-pre-build-step
 
make: Nothing to be done for 'main-build'.
04:37:06 **** Auto Build of configuration Debug for project multiplication ****
make pre-build main-build 
a9-linaro-pre-build-step
 
Building file: ../src/multiplication.c
Invoking: ARM v7 gcc compiler
arm-none-eabi-gcc -Wall -O0 -g3 -c -fmessage-length=0 -MT"src/multiplication.o" -mcpu=cortex-a9 -mfpu=vfpv3 -mfloat-abi=hard -I../../Lab_3_bsp/ps7_cortexa9_0/include -MMD -MP -MF"src/multiplication.d" -MT"src/multiplication.o" -o "src/multiplication.o" "../src/multiplication.c"
../src/multiplication.c: In function 'main':
../src/multiplication.c:27:14: warning: format '%x' expects argument of type 'unsigned int', but argument 2 has type 'uint32_t {aka long unsigned int}' [-Wformat=]
   printf("%81x\n", regmap[3]);
           ~~~^     ~~~~~~~~~
           %81lx
../src/multiplication.c:28:14: warning: format '%x' expects argument of type 'unsigned int', but argument 2 has type 'uint32_t {aka long unsigned int}' [-Wformat=]
   printf("%81x\n", regmap[2]);
           ~~~^     ~~~~~~~~~
           %81lx
Finished building: ../src/multiplication.c
 
Building target: multiplication.elf
Invoking: ARM v7 gcc linker
arm-none-eabi-gcc -mcpu=cortex-a9 -mfpu=vfpv3 -mfloat-abi=hard -Wl,-build-id=none -specs=Xilinx.spec -Wl,-T -Wl,../src/lscript.ld -L../../Lab_3_bsp/ps7_cortexa9_0/lib -o "multiplication.elf" ./src/multiplication.o   -Wl,--start-group,-lxil,-lgcc,-lc,--end-group
Finished building target: multiplication.elf
 
Invoking: ARM v7 Print Size
arm-none-eabi-size multiplication.elf  |tee "multiplication.elf.size"
   text	   data	    bss	    dec	    hex	filename
  70980	   2580	  23328	  96888	  17a78	multiplication.elf
Finished building: multiplication.elf.size
 
04:37:14 **** Incremental Build of configuration Debug for project multiplication ****
make pre-build main-build 
a9-linaro-pre-build-step
 
make: Nothing to be done for 'main-build'.
04:37:47 **** Incremental Build of configuration Debug for project multiplication ****
make pre-build main-build 
a9-linaro-pre-build-step
 
make: Nothing to be done for 'main-build'.
04:38:57 **** Auto Build of configuration Debug for project multiplication ****
make pre-build main-build 
a9-linaro-pre-build-step
 
Building file: ../src/multiplication.c
Invoking: ARM v7 gcc compiler
arm-none-eabi-gcc -Wall -O0 -g3 -c -fmessage-length=0 -MT"src/multiplication.o" -mcpu=cortex-a9 -mfpu=vfpv3 -mfloat-abi=hard -I../../Lab_3_bsp/ps7_cortexa9_0/include -MMD -MP -MF"src/multiplication.d" -MT"src/multiplication.o" -o "src/multiplication.o" "../src/multiplication.c"
../src/multiplication.c: In function 'main':
../src/multiplication.c:27:14: warning: format '%x' expects argument of type 'unsigned int', but argument 2 has type 'uint32_t {aka long unsigned int}' [-Wformat=]
   printf("%81x\n", regmap[3]);
           ~~~^     ~~~~~~~~~
           %81lx
../src/multiplication.c:28:14: warning: format '%x' expects argument of type 'unsigned int', but argument 2 has type 'uint32_t {aka long unsigned int}' [-Wformat=]
   printf("%81x\n", regmap[2]);
           ~~~^     ~~~~~~~~~
           %81lx
../src/multiplication.c:30:11: warning: format '%d' expects argument of type 'int', but argument 2 has type 'uint32_t {aka long unsigned int}' [-Wformat=]
  printf("%d\n", regmap[5])
          ~^     ~~~~~~~~~
          %ld
../src/multiplication.c:34:2: error: expected ';' before 'reg'
  reg = (((uint64_t) regmap[3]) << 32) + ((uint64_t) regmap[2]);
  ^~~
make: *** [src/subdir.mk:23: src/multiplication.o] Error 1
04:38:59 **** Auto Build of configuration Debug for project multiplication ****
make pre-build main-build 
a9-linaro-pre-build-step
 
Building file: ../src/multiplication.c
Invoking: ARM v7 gcc compiler
arm-none-eabi-gcc -Wall -O0 -g3 -c -fmessage-length=0 -MT"src/multiplication.o" -mcpu=cortex-a9 -mfpu=vfpv3 -mfloat-abi=hard -I../../Lab_3_bsp/ps7_cortexa9_0/include -MMD -MP -MF"src/multiplication.d" -MT"src/multiplication.o" -o "src/multiplication.o" "../src/multiplication.c"
../src/multiplication.c: In function 'main':
../src/multiplication.c:27:14: warning: format '%x' expects argument of type 'unsigned int', but argument 2 has type 'uint32_t {aka long unsigned int}' [-Wformat=]
   printf("%81x\n", regmap[3]);
           ~~~^     ~~~~~~~~~
           %81lx
../src/multiplication.c:28:14: warning: format '%x' expects argument of type 'unsigned int', but argument 2 has type 'uint32_t {aka long unsigned int}' [-Wformat=]
   printf("%81x\n", regmap[2]);
           ~~~^     ~~~~~~~~~
           %81lx
../src/multiplication.c:30:11: warning: format '%d' expects argument of type 'int', but argument 2 has type 'uint32_t {aka long unsigned int}' [-Wformat=]
  printf("%d\n", regmap[5]);
          ~^     ~~~~~~~~~
          %ld
Finished building: ../src/multiplication.c
 
Building target: multiplication.elf
Invoking: ARM v7 gcc linker
arm-none-eabi-gcc -mcpu=cortex-a9 -mfpu=vfpv3 -mfloat-abi=hard -Wl,-build-id=none -specs=Xilinx.spec -Wl,-T -Wl,../src/lscript.ld -L../../Lab_3_bsp/ps7_cortexa9_0/lib -o "multiplication.elf" ./src/multiplication.o   -Wl,--start-group,-lxil,-lgcc,-lc,--end-group
Finished building target: multiplication.elf
 
Invoking: ARM v7 Print Size
arm-none-eabi-size multiplication.elf  |tee "multiplication.elf.size"
   text	   data	    bss	    dec	    hex	filename
  71052	   2580	  23328	  96960	  17ac0	multiplication.elf
Finished building: multiplication.elf.size
 
04:39:14 **** Auto Build of configuration Debug for project multiplication ****
make pre-build main-build 
a9-linaro-pre-build-step
 
Building file: ../src/multiplication.c
Invoking: ARM v7 gcc compiler
arm-none-eabi-gcc -Wall -O0 -g3 -c -fmessage-length=0 -MT"src/multiplication.o" -mcpu=cortex-a9 -mfpu=vfpv3 -mfloat-abi=hard -I../../Lab_3_bsp/ps7_cortexa9_0/include -MMD -MP -MF"src/multiplication.d" -MT"src/multiplication.o" -o "src/multiplication.o" "../src/multiplication.c"
../src/multiplication.c: In function 'main':
../src/multiplication.c:27:14: warning: format '%x' expects argument of type 'unsigned int', but argument 2 has type 'uint32_t {aka long unsigned int}' [-Wformat=]
   printf("%81x\n", regmap[3]);
           ~~~^     ~~~~~~~~~
           %81lx
../src/multiplication.c:28:14: warning: format '%x' expects argument of type 'unsigned int', but argument 2 has type 'uint32_t {aka long unsigned int}' [-Wformat=]
   printf("%81x\n", regmap[2]);
           ~~~^     ~~~~~~~~~
           %81lx
../src/multiplication.c:30:13: warning: format '%x' expects argument of type 'unsigned int', but argument 2 has type 'uint32_t {aka long unsigned int}' [-Wformat=]
  printf("%81x\n", regmap[5]);
          ~~~^     ~~~~~~~~~
          %81lx
Finished building: ../src/multiplication.c
 
Building target: multiplication.elf
Invoking: ARM v7 gcc linker
arm-none-eabi-gcc -mcpu=cortex-a9 -mfpu=vfpv3 -mfloat-abi=hard -Wl,-build-id=none -specs=Xilinx.spec -Wl,-T -Wl,../src/lscript.ld -L../../Lab_3_bsp/ps7_cortexa9_0/lib -o "multiplication.elf" ./src/multiplication.o   -Wl,--start-group,-lxil,-lgcc,-lc,--end-group
Finished building target: multiplication.elf
 
Invoking: ARM v7 Print Size
arm-none-eabi-size multiplication.elf  |tee "multiplication.elf.size"
   text	   data	    bss	    dec	    hex	filename
  71044	   2580	  23328	  96952	  17ab8	multiplication.elf
Finished building: multiplication.elf.size
 
04:39:20 **** Auto Build of configuration Debug for project multiplication ****
make pre-build main-build 
a9-linaro-pre-build-step
 
Building file: ../src/multiplication.c
Invoking: ARM v7 gcc compiler
arm-none-eabi-gcc -Wall -O0 -g3 -c -fmessage-length=0 -MT"src/multiplication.o" -mcpu=cortex-a9 -mfpu=vfpv3 -mfloat-abi=hard -I../../Lab_3_bsp/ps7_cortexa9_0/include -MMD -MP -MF"src/multiplication.d" -MT"src/multiplication.o" -o "src/multiplication.o" "../src/multiplication.c"
../src/multiplication.c: In function 'main':
../src/multiplication.c:25:13: warning: format '%x' expects argument of type 'unsigned int', but argument 2 has type 'uint32_t {aka long unsigned int}' [-Wformat=]
  printf("%81x\n", regmap[5]);
          ~~~^     ~~~~~~~~~
          %81lx
../src/multiplication.c:29:14: warning: format '%x' expects argument of type 'unsigned int', but argument 2 has type 'uint32_t {aka long unsigned int}' [-Wformat=]
   printf("%81x\n", regmap[3]);
           ~~~^     ~~~~~~~~~
           %81lx
../src/multiplication.c:30:14: warning: format '%x' expects argument of type 'unsigned int', but argument 2 has type 'uint32_t {aka long unsigned int}' [-Wformat=]
   printf("%81x\n", regmap[2]);
           ~~~^     ~~~~~~~~~
           %81lx
../src/multiplication.c:32:13: warning: format '%x' expects argument of type 'unsigned int', but argument 2 has type 'uint32_t {aka long unsigned int}' [-Wformat=]
  printf("%81x\n", regmap[5]);
          ~~~^     ~~~~~~~~~
          %81lx
Finished building: ../src/multiplication.c
 
Building target: multiplication.elf
Invoking: ARM v7 gcc linker
arm-none-eabi-gcc -mcpu=cortex-a9 -mfpu=vfpv3 -mfloat-abi=hard -Wl,-build-id=none -specs=Xilinx.spec -Wl,-T -Wl,../src/lscript.ld -L../../Lab_3_bsp/ps7_cortexa9_0/lib -o "multiplication.elf" ./src/multiplication.o   -Wl,--start-group,-lxil,-lgcc,-lc,--end-group
Finished building target: multiplication.elf
 
Invoking: ARM v7 Print Size
arm-none-eabi-size multiplication.elf  |tee "multiplication.elf.size"
   text	   data	    bss	    dec	    hex	filename
  71044	   2580	  23328	  96952	  17ab8	multiplication.elf
Finished building: multiplication.elf.size
 
04:39:28 **** Incremental Build of configuration Debug for project multiplication ****
make pre-build main-build 
a9-linaro-pre-build-step
 
make: Nothing to be done for 'main-build'.
04:39:54 **** Auto Build of configuration Debug for project multiplication ****
make pre-build main-build 
a9-linaro-pre-build-step
 
Building file: ../src/multiplication.c
Invoking: ARM v7 gcc compiler
arm-none-eabi-gcc -Wall -O0 -g3 -c -fmessage-length=0 -MT"src/multiplication.o" -mcpu=cortex-a9 -mfpu=vfpv3 -mfloat-abi=hard -I../../Lab_3_bsp/ps7_cortexa9_0/include -MMD -MP -MF"src/multiplication.d" -MT"src/multiplication.o" -o "src/multiplication.o" "../src/multiplication.c"
../src/multiplication.c: In function 'main':
../src/multiplication.c:21:13: warning: format '%x' expects argument of type 'unsigned int', but argument 2 has type 'uint32_t {aka long unsigned int}' [-Wformat=]
  printf("%81x\n", regmap[5]);
          ~~~^     ~~~~~~~~~
          %81lx
../src/multiplication.c:26:13: warning: format '%x' expects argument of type 'unsigned int', but argument 2 has type 'uint32_t {aka long unsigned int}' [-Wformat=]
  printf("%81x\n", regmap[5]);
          ~~~^     ~~~~~~~~~
          %81lx
../src/multiplication.c:30:14: warning: format '%x' expects argument of type 'unsigned int', but argument 2 has type 'uint32_t {aka long unsigned int}' [-Wformat=]
   printf("%81x\n", regmap[3]);
           ~~~^     ~~~~~~~~~
           %81lx
../src/multiplication.c:31:14: warning: format '%x' expects argument of type 'unsigned int', but argument 2 has type 'uint32_t {aka long unsigned int}' [-Wformat=]
   printf("%81x\n", regmap[2]);
           ~~~^     ~~~~~~~~~
           %81lx
../src/multiplication.c:33:13: warning: format '%x' expects argument of type 'unsigned int', but argument 2 has type 'uint32_t {aka long unsigned int}' [-Wformat=]
  printf("%81x\n", regmap[5]);
          ~~~^     ~~~~~~~~~
          %81lx
Finished building: ../src/multiplication.c
 
Building target: multiplication.elf
Invoking: ARM v7 gcc linker
arm-none-eabi-gcc -mcpu=cortex-a9 -mfpu=vfpv3 -mfloat-abi=hard -Wl,-build-id=none -specs=Xilinx.spec -Wl,-T -Wl,../src/lscript.ld -L../../Lab_3_bsp/ps7_cortexa9_0/lib -o "multiplication.elf" ./src/multiplication.o   -Wl,--start-group,-lxil,-lgcc,-lc,--end-group
Finished building target: multiplication.elf
 
Invoking: ARM v7 Print Size
arm-none-eabi-size multiplication.elf  |tee "multiplication.elf.size"
   text	   data	    bss	    dec	    hex	filename
  71108	   2580	  23328	  97016	  17af8	multiplication.elf
Finished building: multiplication.elf.size
 
04:40:06 **** Incremental Build of configuration Debug for project multiplication ****
make pre-build main-build 
a9-linaro-pre-build-step
 
make: Nothing to be done for 'main-build'.
04:40:27 **** Auto Build of configuration Debug for project multiplication ****
make pre-build main-build 
a9-linaro-pre-build-step
 
Building file: ../src/multiplication.c
Invoking: ARM v7 gcc compiler
arm-none-eabi-gcc -Wall -O0 -g3 -c -fmessage-length=0 -MT"src/multiplication.o" -mcpu=cortex-a9 -mfpu=vfpv3 -mfloat-abi=hard -I../../Lab_3_bsp/ps7_cortexa9_0/include -MMD -MP -MF"src/multiplication.d" -MT"src/multiplication.o" -o "src/multiplication.o" "../src/multiplication.c"
../src/multiplication.c: In function 'main':
../src/multiplication.c:21:13: warning: format '%x' expects argument of type 'unsigned int', but argument 2 has type 'uint32_t {aka long unsigned int}' [-Wformat=]
  printf("%81x\n", regmap[5]);
          ~~~^     ~~~~~~~~~
          %81lx
../src/multiplication.c:24:13: warning: format '%x' expects argument of type 'unsigned int', but argument 2 has type 'uint32_t {aka long unsigned int}' [-Wformat=]
  printf("%81x\n", regmap[5]);
          ~~~^     ~~~~~~~~~
          %81lx
../src/multiplication.c:27:13: warning: format '%x' expects argument of type 'unsigned int', but argument 2 has type 'uint32_t {aka long unsigned int}' [-Wformat=]
  printf("%81x\n", regmap[5]);
          ~~~^     ~~~~~~~~~
          %81lx
../src/multiplication.c:31:14: warning: format '%x' expects argument of type 'unsigned int', but argument 2 has type 'uint32_t {aka long unsigned int}' [-Wformat=]
   printf("%81x\n", regmap[3]);
           ~~~^     ~~~~~~~~~
           %81lx
../src/multiplication.c:32:14: warning: format '%x' expects argument of type 'unsigned int', but argument 2 has type 'uint32_t {aka long unsigned int}' [-Wformat=]
   printf("%81x\n", regmap[2]);
           ~~~^     ~~~~~~~~~
           %81lx
../src/multiplication.c:34:13: warning: format '%x' expects argument of type 'unsigned int', but argument 2 has type 'uint32_t {aka long unsigned int}' [-Wformat=]
  printf("%81x\n", regmap[5]);
          ~~~^     ~~~~~~~~~
          %81lx
Finished building: ../src/multiplication.c
 
Building target: multiplication.elf
Invoking: ARM v7 gcc linker
arm-none-eabi-gcc -mcpu=cortex-a9 -mfpu=vfpv3 -mfloat-abi=hard -Wl,-build-id=none -specs=Xilinx.spec -Wl,-T -Wl,../src/lscript.ld -L../../Lab_3_bsp/ps7_cortexa9_0/lib -o "multiplication.elf" ./src/multiplication.o   -Wl,--start-group,-lxil,-lgcc,-lc,--end-group
Finished building target: multiplication.elf
 
Invoking: ARM v7 Print Size
arm-none-eabi-size multiplication.elf  |tee "multiplication.elf.size"
   text	   data	    bss	    dec	    hex	filename
  71108	   2580	  23328	  97016	  17af8	multiplication.elf
Finished building: multiplication.elf.size
 
04:40:44 **** Incremental Build of configuration Debug for project multiplication ****
make pre-build main-build 
a9-linaro-pre-build-step
 
make: Nothing to be done for 'main-build'.
04:43:36 **** Auto Build of configuration Debug for project multiplication ****
make pre-build main-build 
a9-linaro-pre-build-step
 
Building file: ../src/multiplication.c
Invoking: ARM v7 gcc compiler
arm-none-eabi-gcc -Wall -O0 -g3 -c -fmessage-length=0 -MT"src/multiplication.o" -mcpu=cortex-a9 -mfpu=vfpv3 -mfloat-abi=hard -I../../Lab_3_bsp/ps7_cortexa9_0/include -MMD -MP -MF"src/multiplication.d" -MT"src/multiplication.o" -o "src/multiplication.o" "../src/multiplication.c"
../src/multiplication.c: In function 'main':
../src/multiplication.c:21:13: warning: format '%x' expects argument of type 'unsigned int', but argument 2 has type 'uint32_t {aka long unsigned int}' [-Wformat=]
  printf("%81x\n", regmap[5]);
          ~~~^     ~~~~~~~~~
          %81lx
../src/multiplication.c:24:13: warning: format '%x' expects argument of type 'unsigned int', but argument 2 has type 'uint32_t {aka long unsigned int}' [-Wformat=]
  printf("%81x\n", regmap[5]);
          ~~~^     ~~~~~~~~~
          %81lx
../src/multiplication.c:27:13: warning: format '%x' expects argument of type 'unsigned int', but argument 2 has type 'uint32_t {aka long unsigned int}' [-Wformat=]
  printf("%81x\n", regmap[5]);
          ~~~^     ~~~~~~~~~
          %81lx
../src/multiplication.c:31:14: warning: format '%x' expects argument of type 'unsigned int', but argument 2 has type 'uint32_t {aka long unsigned int}' [-Wformat=]
   printf("%81x\n", regmap[3]);
           ~~~^     ~~~~~~~~~
           %81lx
../src/multiplication.c:32:14: warning: format '%x' expects argument of type 'unsigned int', but argument 2 has type 'uint32_t {aka long unsigned int}' [-Wformat=]
   printf("%81x\n", regmap[2]);
           ~~~^     ~~~~~~~~~
           %81lx
../src/multiplication.c:34:13: warning: format '%x' expects argument of type 'unsigned int', but argument 2 has type 'uint32_t {aka long unsigned int}' [-Wformat=]
  printf("%81x\n", regmap[5]);
          ~~~^     ~~~~~~~~~
          %81lx
../src/multiplication.c:35:13: warning: format '%x' expects argument of type 'unsigned int', but argument 2 has type 'uint32_t {aka long unsigned int}' [-Wformat=]
  printf("%81x\n", regmap[3]);
          ~~~^     ~~~~~~~~~
          %81lx
../src/multiplication.c:36:13: warning: format '%x' expects argument of type 'unsigned int', but argument 2 has type 'uint32_t {aka long unsigned int}' [-Wformat=]
  printf("%81x\n", regmap[2]);
          ~~~^     ~~~~~~~~~
          %81lx
Finished building: ../src/multiplication.c
 
Building target: multiplication.elf
Invoking: ARM v7 gcc linker
arm-none-eabi-gcc -mcpu=cortex-a9 -mfpu=vfpv3 -mfloat-abi=hard -Wl,-build-id=none -specs=Xilinx.spec -Wl,-T -Wl,../src/lscript.ld -L../../Lab_3_bsp/ps7_cortexa9_0/lib -o "multiplication.elf" ./src/multiplication.o   -Wl,--start-group,-lxil,-lgcc,-lc,--end-group
Finished building target: multiplication.elf
 
Invoking: ARM v7 Print Size
arm-none-eabi-size multiplication.elf  |tee "multiplication.elf.size"
   text	   data	    bss	    dec	    hex	filename
  71172	   2580	  23328	  97080	  17b38	multiplication.elf
Finished building: multiplication.elf.size
 
04:43:46 **** Incremental Build of configuration Debug for project multiplication ****
make pre-build main-build 
a9-linaro-pre-build-step
 
make: Nothing to be done for 'main-build'.
04:44:25 **** Auto Build of configuration Debug for project multiplication ****
make pre-build main-build 
a9-linaro-pre-build-step
 
Building file: ../src/multiplication.c
Invoking: ARM v7 gcc compiler
arm-none-eabi-gcc -Wall -O0 -g3 -c -fmessage-length=0 -MT"src/multiplication.o" -mcpu=cortex-a9 -mfpu=vfpv3 -mfloat-abi=hard -I../../Lab_3_bsp/ps7_cortexa9_0/include -MMD -MP -MF"src/multiplication.d" -MT"src/multiplication.o" -o "src/multiplication.o" "../src/multiplication.c"
../src/multiplication.c: In function 'main':
../src/multiplication.c:21:13: warning: format '%x' expects argument of type 'unsigned int', but argument 2 has type 'uint32_t {aka long unsigned int}' [-Wformat=]
  printf("%81x\n", regmap[5]);
          ~~~^     ~~~~~~~~~
          %81lx
../src/multiplication.c:24:13: warning: format '%x' expects argument of type 'unsigned int', but argument 2 has type 'uint32_t {aka long unsigned int}' [-Wformat=]
  printf("%81x\n", regmap[5]);
          ~~~^     ~~~~~~~~~
          %81lx
../src/multiplication.c:27:13: warning: format '%x' expects argument of type 'unsigned int', but argument 2 has type 'uint32_t {aka long unsigned int}' [-Wformat=]
  printf("%81x\n", regmap[5]);
          ~~~^     ~~~~~~~~~
          %81lx
../src/multiplication.c:31:14: warning: format '%x' expects argument of type 'unsigned int', but argument 2 has type 'uint32_t {aka long unsigned int}' [-Wformat=]
   printf("%81x\n", regmap[3]);
           ~~~^     ~~~~~~~~~
           %81lx
../src/multiplication.c:32:14: warning: format '%x' expects argument of type 'unsigned int', but argument 2 has type 'uint32_t {aka long unsigned int}' [-Wformat=]
   printf("%81x\n", regmap[2]);
           ~~~^     ~~~~~~~~~
           %81lx
../src/multiplication.c:34:13: warning: format '%x' expects argument of type 'unsigned int', but argument 2 has type 'uint32_t {aka long unsigned int}' [-Wformat=]
  printf("%81x\n", regmap[5]);
          ~~~^     ~~~~~~~~~
          %81lx
../src/multiplication.c:35:13: warning: format '%x' expects argument of type 'unsigned int', but argument 2 has type 'uint32_t {aka long unsigned int}' [-Wformat=]
  printf("%81x\n", regmap[3]);
          ~~~^     ~~~~~~~~~
          %81lx
../src/multiplication.c:36:13: warning: format '%x' expects argument of type 'unsigned int', but argument 2 has type 'uint32_t {aka long unsigned int}' [-Wformat=]
  printf("%81x\n", regmap[2]);
          ~~~^     ~~~~~~~~~
          %81lx
Finished building: ../src/multiplication.c
 
Building target: multiplication.elf
Invoking: ARM v7 gcc linker
arm-none-eabi-gcc -mcpu=cortex-a9 -mfpu=vfpv3 -mfloat-abi=hard -Wl,-build-id=none -specs=Xilinx.spec -Wl,-T -Wl,../src/lscript.ld -L../../Lab_3_bsp/ps7_cortexa9_0/lib -o "multiplication.elf" ./src/multiplication.o   -Wl,--start-group,-lxil,-lgcc,-lc,--end-group
Finished building target: multiplication.elf
 
Invoking: ARM v7 Print Size
arm-none-eabi-size multiplication.elf  |tee "multiplication.elf.size"
   text	   data	    bss	    dec	    hex	filename
  71172	   2580	  23328	  97080	  17b38	multiplication.elf
Finished building: multiplication.elf.size
 
04:44:55 **** Auto Build of configuration Debug for project multiplication ****
make pre-build main-build 
a9-linaro-pre-build-step
 
Building file: ../src/multiplication.c
Invoking: ARM v7 gcc compiler
arm-none-eabi-gcc -Wall -O0 -g3 -c -fmessage-length=0 -MT"src/multiplication.o" -mcpu=cortex-a9 -mfpu=vfpv3 -mfloat-abi=hard -I../../Lab_3_bsp/ps7_cortexa9_0/include -MMD -MP -MF"src/multiplication.d" -MT"src/multiplication.o" -o "src/multiplication.o" "../src/multiplication.c"
../src/multiplication.c: In function 'main':
../src/multiplication.c:21:13: warning: format '%x' expects argument of type 'unsigned int', but argument 2 has type 'uint32_t {aka long unsigned int}' [-Wformat=]
  printf("%81x\n", regmap[5]);
          ~~~^     ~~~~~~~~~
          %81lx
../src/multiplication.c:24:13: warning: format '%x' expects argument of type 'unsigned int', but argument 2 has type 'uint32_t {aka long unsigned int}' [-Wformat=]
  printf("%81x\n", regmap[5]);
          ~~~^     ~~~~~~~~~
          %81lx
../src/multiplication.c:27:13: warning: format '%x' expects argument of type 'unsigned int', but argument 2 has type 'uint32_t {aka long unsigned int}' [-Wformat=]
  printf("%81x\n", regmap[5]);
          ~~~^     ~~~~~~~~~
          %81lx
../src/multiplication.c:31:14: warning: format '%x' expects argument of type 'unsigned int', but argument 2 has type 'uint32_t {aka long unsigned int}' [-Wformat=]
   printf("%81x\n", regmap[3]);
           ~~~^     ~~~~~~~~~
           %81lx
../src/multiplication.c:32:14: warning: format '%x' expects argument of type 'unsigned int', but argument 2 has type 'uint32_t {aka long unsigned int}' [-Wformat=]
   printf("%81x\n", regmap[2]);
           ~~~^     ~~~~~~~~~
           %81lx
../src/multiplication.c:34:13: warning: format '%x' expects argument of type 'unsigned int', but argument 2 has type 'uint32_t {aka long unsigned int}' [-Wformat=]
  printf("%81x\n", regmap[5]);
          ~~~^     ~~~~~~~~~
          %81lx
../src/multiplication.c:35:13: warning: format '%x' expects argument of type 'unsigned int', but argument 2 has type 'uint32_t {aka long unsigned int}' [-Wformat=]
  printf("%81x\n", regmap[3]);
          ~~~^     ~~~~~~~~~
          %81lx
../src/multiplication.c:36:13: warning: format '%x' expects argument of type 'unsigned int', but argument 2 has type 'uint32_t {aka long unsigned int}' [-Wformat=]
  printf("%81x\n", regmap[2]);
          ~~~^     ~~~~~~~~~
          %81lx
Finished building: ../src/multiplication.c
 
Building target: multiplication.elf
Invoking: ARM v7 gcc linker
arm-none-eabi-gcc -mcpu=cortex-a9 -mfpu=vfpv3 -mfloat-abi=hard -Wl,-build-id=none -specs=Xilinx.spec -Wl,-T -Wl,../src/lscript.ld -L../../Lab_3_bsp/ps7_cortexa9_0/lib -o "multiplication.elf" ./src/multiplication.o   -Wl,--start-group,-lxil,-lgcc,-lc,--end-group
Finished building target: multiplication.elf
 
Invoking: ARM v7 Print Size
arm-none-eabi-size multiplication.elf  |tee "multiplication.elf.size"
   text	   data	    bss	    dec	    hex	filename
  71172	   2580	  23328	  97080	  17b38	multiplication.elf
Finished building: multiplication.elf.size
 
04:45:12 **** Incremental Build of configuration Debug for project multiplication ****
make pre-build main-build 
a9-linaro-pre-build-step
 
make: Nothing to be done for 'main-build'.
04:45:53 **** Auto Build of configuration Debug for project multiplication ****
make pre-build main-build 
a9-linaro-pre-build-step
 
Building file: ../src/multiplication.c
Invoking: ARM v7 gcc compiler
arm-none-eabi-gcc -Wall -O0 -g3 -c -fmessage-length=0 -MT"src/multiplication.o" -mcpu=cortex-a9 -mfpu=vfpv3 -mfloat-abi=hard -I../../Lab_3_bsp/ps7_cortexa9_0/include -MMD -MP -MF"src/multiplication.d" -MT"src/multiplication.o" -o "src/multiplication.o" "../src/multiplication.c"
../src/multiplication.c: In function 'main':
../src/multiplication.c:21:13: warning: format '%x' expects argument of type 'unsigned int', but argument 2 has type 'uint32_t {aka long unsigned int}' [-Wformat=]
  printf("%81x\n", regmap[5]);
          ~~~^     ~~~~~~~~~
          %81lx
../src/multiplication.c:24:13: warning: format '%x' expects argument of type 'unsigned int', but argument 2 has type 'uint32_t {aka long unsigned int}' [-Wformat=]
  printf("%81x\n", regmap[5]);
          ~~~^     ~~~~~~~~~
          %81lx
../src/multiplication.c:27:13: warning: format '%x' expects argument of type 'unsigned int', but argument 2 has type 'uint32_t {aka long unsigned int}' [-Wformat=]
  printf("%81x\n", regmap[5]);
          ~~~^     ~~~~~~~~~
          %81lx
../src/multiplication.c:31:14: warning: format '%x' expects argument of type 'unsigned int', but argument 2 has type 'uint32_t {aka long unsigned int}' [-Wformat=]
   printf("%81x\n", regmap[3]);
           ~~~^     ~~~~~~~~~
           %81lx
../src/multiplication.c:32:14: warning: format '%x' expects argument of type 'unsigned int', but argument 2 has type 'uint32_t {aka long unsigned int}' [-Wformat=]
   printf("%81x\n", regmap[2]);
           ~~~^     ~~~~~~~~~
           %81lx
../src/multiplication.c:34:13: warning: format '%x' expects argument of type 'unsigned int', but argument 2 has type 'uint32_t {aka long unsigned int}' [-Wformat=]
  printf("%81x\n", regmap[5]);
          ~~~^     ~~~~~~~~~
          %81lx
../src/multiplication.c:35:13: warning: format '%x' expects argument of type 'unsigned int', but argument 2 has type 'uint32_t {aka long unsigned int}' [-Wformat=]
  printf("%81x\n", regmap[3]);
          ~~~^     ~~~~~~~~~
          %81lx
../src/multiplication.c:36:13: warning: format '%x' expects argument of type 'unsigned int', but argument 2 has type 'uint32_t {aka long unsigned int}' [-Wformat=]
  printf("%81x\n", regmap[2]);
          ~~~^     ~~~~~~~~~
          %81lx
Finished building: ../src/multiplication.c
 
Building target: multiplication.elf
Invoking: ARM v7 gcc linker
arm-none-eabi-gcc -mcpu=cortex-a9 -mfpu=vfpv3 -mfloat-abi=hard -Wl,-build-id=none -specs=Xilinx.spec -Wl,-T -Wl,../src/lscript.ld -L../../Lab_3_bsp/ps7_cortexa9_0/lib -o "multiplication.elf" ./src/multiplication.o   -Wl,--start-group,-lxil,-lgcc,-lc,--end-group
Finished building target: multiplication.elf
 
Invoking: ARM v7 Print Size
arm-none-eabi-size multiplication.elf  |tee "multiplication.elf.size"
   text	   data	    bss	    dec	    hex	filename
  71172	   2580	  23328	  97080	  17b38	multiplication.elf
Finished building: multiplication.elf.size
 
04:46:04 **** Auto Build of configuration Debug for project multiplication ****
make pre-build main-build 
a9-linaro-pre-build-step
 
Building file: ../src/multiplication.c
Invoking: ARM v7 gcc compiler
arm-none-eabi-gcc -Wall -O0 -g3 -c -fmessage-length=0 -MT"src/multiplication.o" -mcpu=cortex-a9 -mfpu=vfpv3 -mfloat-abi=hard -I../../Lab_3_bsp/ps7_cortexa9_0/include -MMD -MP -MF"src/multiplication.d" -MT"src/multiplication.o" -o "src/multiplication.o" "../src/multiplication.c"
../src/multiplication.c: In function 'main':
../src/multiplication.c:19:13: warning: format '%x' expects argument of type 'unsigned int', but argument 2 has type 'uint32_t {aka long unsigned int}' [-Wformat=]
  printf("%81x\n", regmap[0]);
          ~~~^     ~~~~~~~~~
          %81lx
../src/multiplication.c:20:13: warning: format '%x' expects argument of type 'unsigned int', but argument 2 has type 'uint32_t {aka long unsigned int}' [-Wformat=]
  printf("%81x\n", regmap[1]);
          ~~~^     ~~~~~~~~~
          %81lx
../src/multiplication.c:23:13: warning: format '%x' expects argument of type 'unsigned int', but argument 2 has type 'uint32_t {aka long unsigned int}' [-Wformat=]
  printf("%81x\n", regmap[5]);
          ~~~^     ~~~~~~~~~
          %81lx
../src/multiplication.c:26:13: warning: format '%x' expects argument of type 'unsigned int', but argument 2 has type 'uint32_t {aka long unsigned int}' [-Wformat=]
  printf("%81x\n", regmap[5]);
          ~~~^     ~~~~~~~~~
          %81lx
../src/multiplication.c:29:13: warning: format '%x' expects argument of type 'unsigned int', but argument 2 has type 'uint32_t {aka long unsigned int}' [-Wformat=]
  printf("%81x\n", regmap[5]);
          ~~~^     ~~~~~~~~~
          %81lx
../src/multiplication.c:33:14: warning: format '%x' expects argument of type 'unsigned int', but argument 2 has type 'uint32_t {aka long unsigned int}' [-Wformat=]
   printf("%81x\n", regmap[3]);
           ~~~^     ~~~~~~~~~
           %81lx
../src/multiplication.c:34:14: warning: format '%x' expects argument of type 'unsigned int', but argument 2 has type 'uint32_t {aka long unsigned int}' [-Wformat=]
   printf("%81x\n", regmap[2]);
           ~~~^     ~~~~~~~~~
           %81lx
../src/multiplication.c:36:13: warning: format '%x' expects argument of type 'unsigned int', but argument 2 has type 'uint32_t {aka long unsigned int}' [-Wformat=]
  printf("%81x\n", regmap[5]);
          ~~~^     ~~~~~~~~~
          %81lx
../src/multiplication.c:37:13: warning: format '%x' expects argument of type 'unsigned int', but argument 2 has type 'uint32_t {aka long unsigned int}' [-Wformat=]
  printf("%81x\n", regmap[3]);
          ~~~^     ~~~~~~~~~
          %81lx
../src/multiplication.c:38:13: warning: format '%x' expects argument of type 'unsigned int', but argument 2 has type 'uint32_t {aka long unsigned int}' [-Wformat=]
  printf("%81x\n", regmap[2]);
          ~~~^     ~~~~~~~~~
          %81lx
Finished building: ../src/multiplication.c
 
Building target: multiplication.elf
Invoking: ARM v7 gcc linker
arm-none-eabi-gcc -mcpu=cortex-a9 -mfpu=vfpv3 -mfloat-abi=hard -Wl,-build-id=none -specs=Xilinx.spec -Wl,-T -Wl,../src/lscript.ld -L../../Lab_3_bsp/ps7_cortexa9_0/lib -o "multiplication.elf" ./src/multiplication.o   -Wl,--start-group,-lxil,-lgcc,-lc,--end-group
Finished building target: multiplication.elf
 
Invoking: ARM v7 Print Size
arm-none-eabi-size multiplication.elf  |tee "multiplication.elf.size"
   text	   data	    bss	    dec	    hex	filename
  71236	   2580	  23328	  97144	  17b78	multiplication.elf
Finished building: multiplication.elf.size
 
04:46:16 **** Auto Build of configuration Debug for project multiplication ****
make pre-build main-build 
a9-linaro-pre-build-step
 
Building file: ../src/multiplication.c
Invoking: ARM v7 gcc compiler
arm-none-eabi-gcc -Wall -O0 -g3 -c -fmessage-length=0 -MT"src/multiplication.o" -mcpu=cortex-a9 -mfpu=vfpv3 -mfloat-abi=hard -I../../Lab_3_bsp/ps7_cortexa9_0/include -MMD -MP -MF"src/multiplication.d" -MT"src/multiplication.o" -o "src/multiplication.o" "../src/multiplication.c"
../src/multiplication.c: In function 'main':
../src/multiplication.c:19:13: warning: format '%x' expects argument of type 'unsigned int', but argument 2 has type 'uint32_t {aka long unsigned int}' [-Wformat=]
  printf("%81x\n", regmap[0]);
          ~~~^     ~~~~~~~~~
          %81lx
../src/multiplication.c:20:13: warning: format '%x' expects argument of type 'unsigned int', but argument 2 has type 'uint32_t {aka long unsigned int}' [-Wformat=]
  printf("%81x\n", regmap[1]);
          ~~~^     ~~~~~~~~~
          %81lx
../src/multiplication.c:23:13: warning: format '%x' expects argument of type 'unsigned int', but argument 2 has type 'uint32_t {aka long unsigned int}' [-Wformat=]
  printf("%81x\n", regmap[5]);
          ~~~^     ~~~~~~~~~
          %81lx
../src/multiplication.c:26:13: warning: format '%x' expects argument of type 'unsigned int', but argument 2 has type 'uint32_t {aka long unsigned int}' [-Wformat=]
  printf("%81x\n", regmap[5]);
          ~~~^     ~~~~~~~~~
          %81lx
../src/multiplication.c:29:13: warning: format '%x' expects argument of type 'unsigned int', but argument 2 has type 'uint32_t {aka long unsigned int}' [-Wformat=]
  printf("%81x\n", regmap[5]);
          ~~~^     ~~~~~~~~~
          %81lx
../src/multiplication.c:33:14: warning: format '%x' expects argument of type 'unsigned int', but argument 2 has type 'uint32_t {aka long unsigned int}' [-Wformat=]
   printf("%81x\n", regmap[3]);
           ~~~^     ~~~~~~~~~
           %81lx
../src/multiplication.c:34:14: warning: format '%x' expects argument of type 'unsigned int', but argument 2 has type 'uint32_t {aka long unsigned int}' [-Wformat=]
   printf("%81x\n", regmap[2]);
           ~~~^     ~~~~~~~~~
           %81lx
../src/multiplication.c:35:14: warning: format '%x' expects argument of type 'unsigned int', but argument 2 has type 'uint32_t {aka long unsigned int}' [-Wformat=]
   printf("%81x\n", regmap[0]);
           ~~~^     ~~~~~~~~~
           %81lx
../src/multiplication.c:36:14: warning: format '%x' expects argument of type 'unsigned int', but argument 2 has type 'uint32_t {aka long unsigned int}' [-Wformat=]
   printf("%81x\n", regmap[1]);
           ~~~^     ~~~~~~~~~
           %81lx
../src/multiplication.c:38:13: warning: format '%x' expects argument of type 'unsigned int', but argument 2 has type 'uint32_t {aka long unsigned int}' [-Wformat=]
  printf("%81x\n", regmap[5]);
          ~~~^     ~~~~~~~~~
          %81lx
../src/multiplication.c:39:13: warning: format '%x' expects argument of type 'unsigned int', but argument 2 has type 'uint32_t {aka long unsigned int}' [-Wformat=]
  printf("%81x\n", regmap[3]);
          ~~~^     ~~~~~~~~~
          %81lx
../src/multiplication.c:40:13: warning: format '%x' expects argument of type 'unsigned int', but argument 2 has type 'uint32_t {aka long unsigned int}' [-Wformat=]
  printf("%81x\n", regmap[2]);
          ~~~^     ~~~~~~~~~
          %81lx
Finished building: ../src/multiplication.c
 
Building target: multiplication.elf
Invoking: ARM v7 gcc linker
arm-none-eabi-gcc -mcpu=cortex-a9 -mfpu=vfpv3 -mfloat-abi=hard -Wl,-build-id=none -specs=Xilinx.spec -Wl,-T -Wl,../src/lscript.ld -L../../Lab_3_bsp/ps7_cortexa9_0/lib -o "multiplication.elf" ./src/multiplication.o   -Wl,--start-group,-lxil,-lgcc,-lc,--end-group
Finished building target: multiplication.elf
 
Invoking: ARM v7 Print Size
arm-none-eabi-size multiplication.elf  |tee "multiplication.elf.size"
   text	   data	    bss	    dec	    hex	filename
  71300	   2580	  23328	  97208	  17bb8	multiplication.elf
Finished building: multiplication.elf.size
 
04:46:22 **** Auto Build of configuration Debug for project multiplication ****
make pre-build main-build 
a9-linaro-pre-build-step
 
Building file: ../src/multiplication.c
Invoking: ARM v7 gcc compiler
arm-none-eabi-gcc -Wall -O0 -g3 -c -fmessage-length=0 -MT"src/multiplication.o" -mcpu=cortex-a9 -mfpu=vfpv3 -mfloat-abi=hard -I../../Lab_3_bsp/ps7_cortexa9_0/include -MMD -MP -MF"src/multiplication.d" -MT"src/multiplication.o" -o "src/multiplication.o" "../src/multiplication.c"
../src/multiplication.c: In function 'main':
../src/multiplication.c:19:13: warning: format '%x' expects argument of type 'unsigned int', but argument 2 has type 'uint32_t {aka long unsigned int}' [-Wformat=]
  printf("%81x\n", regmap[0]);
          ~~~^     ~~~~~~~~~
          %81lx
../src/multiplication.c:20:13: warning: format '%x' expects argument of type 'unsigned int', but argument 2 has type 'uint32_t {aka long unsigned int}' [-Wformat=]
  printf("%81x\n", regmap[1]);
          ~~~^     ~~~~~~~~~
          %81lx
../src/multiplication.c:23:13: warning: format '%x' expects argument of type 'unsigned int', but argument 2 has type 'uint32_t {aka long unsigned int}' [-Wformat=]
  printf("%81x\n", regmap[5]);
          ~~~^     ~~~~~~~~~
          %81lx
../src/multiplication.c:26:13: warning: format '%x' expects argument of type 'unsigned int', but argument 2 has type 'uint32_t {aka long unsigned int}' [-Wformat=]
  printf("%81x\n", regmap[5]);
          ~~~^     ~~~~~~~~~
          %81lx
../src/multiplication.c:29:13: warning: format '%x' expects argument of type 'unsigned int', but argument 2 has type 'uint32_t {aka long unsigned int}' [-Wformat=]
  printf("%81x\n", regmap[5]);
          ~~~^     ~~~~~~~~~
          %81lx
../src/multiplication.c:30:13: warning: format '%x' expects argument of type 'unsigned int', but argument 2 has type 'uint32_t {aka long unsigned int}' [-Wformat=]
  printf("%81x\n", regmap[0]);
          ~~~^     ~~~~~~~~~
          %81lx
../src/multiplication.c:31:13: warning: format '%x' expects argument of type 'unsigned int', but argument 2 has type 'uint32_t {aka long unsigned int}' [-Wformat=]
  printf("%81x\n", regmap[1]);
          ~~~^     ~~~~~~~~~
          %81lx
../src/multiplication.c:35:14: warning: format '%x' expects argument of type 'unsigned int', but argument 2 has type 'uint32_t {aka long unsigned int}' [-Wformat=]
   printf("%81x\n", regmap[3]);
           ~~~^     ~~~~~~~~~
           %81lx
../src/multiplication.c:36:14: warning: format '%x' expects argument of type 'unsigned int', but argument 2 has type 'uint32_t {aka long unsigned int}' [-Wformat=]
   printf("%81x\n", regmap[2]);
           ~~~^     ~~~~~~~~~
           %81lx
../src/multiplication.c:37:14: warning: format '%x' expects argument of type 'unsigned int', but argument 2 has type 'uint32_t {aka long unsigned int}' [-Wformat=]
   printf("%81x\n", regmap[0]);
           ~~~^     ~~~~~~~~~
           %81lx
../src/multiplication.c:38:14: warning: format '%x' expects argument of type 'unsigned int', but argument 2 has type 'uint32_t {aka long unsigned int}' [-Wformat=]
   printf("%81x\n", regmap[1]);
           ~~~^     ~~~~~~~~~
           %81lx
../src/multiplication.c:40:13: warning: format '%x' expects argument of type 'unsigned int', but argument 2 has type 'uint32_t {aka long unsigned int}' [-Wformat=]
  printf("%81x\n", regmap[5]);
          ~~~^     ~~~~~~~~~
          %81lx
../src/multiplication.c:41:13: warning: format '%x' expects argument of type 'unsigned int', but argument 2 has type 'uint32_t {aka long unsigned int}' [-Wformat=]
  printf("%81x\n", regmap[3]);
          ~~~^     ~~~~~~~~~
          %81lx
../src/multiplication.c:42:13: warning: format '%x' expects argument of type 'unsigned int', but argument 2 has type 'uint32_t {aka long unsigned int}' [-Wformat=]
  printf("%81x\n", regmap[2]);
          ~~~^     ~~~~~~~~~
          %81lx
Finished building: ../src/multiplication.c
 
Building target: multiplication.elf
Invoking: ARM v7 gcc linker
arm-none-eabi-gcc -mcpu=cortex-a9 -mfpu=vfpv3 -mfloat-abi=hard -Wl,-build-id=none -specs=Xilinx.spec -Wl,-T -Wl,../src/lscript.ld -L../../Lab_3_bsp/ps7_cortexa9_0/lib -o "multiplication.elf" ./src/multiplication.o   -Wl,--start-group,-lxil,-lgcc,-lc,--end-group
Finished building target: multiplication.elf
 
Invoking: ARM v7 Print Size
arm-none-eabi-size multiplication.elf  |tee "multiplication.elf.size"
   text	   data	    bss	    dec	    hex	filename
  71300	   2580	  23328	  97208	  17bb8	multiplication.elf
Finished building: multiplication.elf.size
 
04:46:26 **** Auto Build of configuration Debug for project multiplication ****
make pre-build main-build 
a9-linaro-pre-build-step
 
Building file: ../src/multiplication.c
Invoking: ARM v7 gcc compiler
arm-none-eabi-gcc -Wall -O0 -g3 -c -fmessage-length=0 -MT"src/multiplication.o" -mcpu=cortex-a9 -mfpu=vfpv3 -mfloat-abi=hard -I../../Lab_3_bsp/ps7_cortexa9_0/include -MMD -MP -MF"src/multiplication.d" -MT"src/multiplication.o" -o "src/multiplication.o" "../src/multiplication.c"
../src/multiplication.c: In function 'main':
../src/multiplication.c:19:13: warning: format '%x' expects argument of type 'unsigned int', but argument 2 has type 'uint32_t {aka long unsigned int}' [-Wformat=]
  printf("%81x\n", regmap[0]);
          ~~~^     ~~~~~~~~~
          %81lx
../src/multiplication.c:20:13: warning: format '%x' expects argument of type 'unsigned int', but argument 2 has type 'uint32_t {aka long unsigned int}' [-Wformat=]
  printf("%81x\n", regmap[1]);
          ~~~^     ~~~~~~~~~
          %81lx
../src/multiplication.c:23:13: warning: format '%x' expects argument of type 'unsigned int', but argument 2 has type 'uint32_t {aka long unsigned int}' [-Wformat=]
  printf("%81x\n", regmap[5]);
          ~~~^     ~~~~~~~~~
          %81lx
../src/multiplication.c:26:13: warning: format '%x' expects argument of type 'unsigned int', but argument 2 has type 'uint32_t {aka long unsigned int}' [-Wformat=]
  printf("%81x\n", regmap[5]);
          ~~~^     ~~~~~~~~~
          %81lx
../src/multiplication.c:29:13: warning: format '%x' expects argument of type 'unsigned int', but argument 2 has type 'uint32_t {aka long unsigned int}' [-Wformat=]
  printf("%81x\n", regmap[5]);
          ~~~^     ~~~~~~~~~
          %81lx
../src/multiplication.c:30:13: warning: format '%x' expects argument of type 'unsigned int', but argument 2 has type 'uint32_t {aka long unsigned int}' [-Wformat=]
  printf("%81x\n", regmap[0]);
          ~~~^     ~~~~~~~~~
          %81lx
../src/multiplication.c:31:13: warning: format '%x' expects argument of type 'unsigned int', but argument 2 has type 'uint32_t {aka long unsigned int}' [-Wformat=]
  printf("%81x\n", regmap[1]);
          ~~~^     ~~~~~~~~~
          %81lx
../src/multiplication.c:35:14: warning: format '%x' expects argument of type 'unsigned int', but argument 2 has type 'uint32_t {aka long unsigned int}' [-Wformat=]
   printf("%81x\n", regmap[3]);
           ~~~^     ~~~~~~~~~
           %81lx
../src/multiplication.c:36:14: warning: format '%x' expects argument of type 'unsigned int', but argument 2 has type 'uint32_t {aka long unsigned int}' [-Wformat=]
   printf("%81x\n", regmap[2]);
           ~~~^     ~~~~~~~~~
           %81lx
../src/multiplication.c:37:14: warning: format '%x' expects argument of type 'unsigned int', but argument 2 has type 'uint32_t {aka long unsigned int}' [-Wformat=]
   printf("%81x\n", regmap[0]);
           ~~~^     ~~~~~~~~~
           %81lx
../src/multiplication.c:38:14: warning: format '%x' expects argument of type 'unsigned int', but argument 2 has type 'uint32_t {aka long unsigned int}' [-Wformat=]
   printf("%81x\n", regmap[1]);
           ~~~^     ~~~~~~~~~
           %81lx
../src/multiplication.c:40:13: warning: format '%x' expects argument of type 'unsigned int', but argument 2 has type 'uint32_t {aka long unsigned int}' [-Wformat=]
  printf("%81x\n", regmap[5]);
          ~~~^     ~~~~~~~~~
          %81lx
../src/multiplication.c:41:13: warning: format '%x' expects argument of type 'unsigned int', but argument 2 has type 'uint32_t {aka long unsigned int}' [-Wformat=]
  printf("%81x\n", regmap[3]);
          ~~~^     ~~~~~~~~~
          %81lx
../src/multiplication.c:42:13: warning: format '%x' expects argument of type 'unsigned int', but argument 2 has type 'uint32_t {aka long unsigned int}' [-Wformat=]
  printf("%81x\n", regmap[2]);
          ~~~^     ~~~~~~~~~
          %81lx
../src/multiplication.c:43:13: warning: format '%x' expects argument of type 'unsigned int', but argument 2 has type 'uint32_t {aka long unsigned int}' [-Wformat=]
  printf("%81x\n", regmap[0]);
          ~~~^     ~~~~~~~~~
          %81lx
../src/multiplication.c:44:14: warning: format '%x' expects argument of type 'unsigned int', but argument 2 has type 'uint32_t {aka long unsigned int}' [-Wformat=]
   printf("%81x\n", regmap[1]);
           ~~~^     ~~~~~~~~~
           %81lx
Finished building: ../src/multiplication.c
 
Building target: multiplication.elf
Invoking: ARM v7 gcc linker
arm-none-eabi-gcc -mcpu=cortex-a9 -mfpu=vfpv3 -mfloat-abi=hard -Wl,-build-id=none -specs=Xilinx.spec -Wl,-T -Wl,../src/lscript.ld -L../../Lab_3_bsp/ps7_cortexa9_0/lib -o "multiplication.elf" ./src/multiplication.o   -Wl,--start-group,-lxil,-lgcc,-lc,--end-group
Finished building target: multiplication.elf
 
Invoking: ARM v7 Print Size
arm-none-eabi-size multiplication.elf  |tee "multiplication.elf.size"
   text	   data	    bss	    dec	    hex	filename
  71364	   2580	  23328	  97272	  17bf8	multiplication.elf
Finished building: multiplication.elf.size
 
04:46:31 **** Auto Build of configuration Debug for project multiplication ****
make pre-build main-build 
a9-linaro-pre-build-step
 
Building file: ../src/multiplication.c
Invoking: ARM v7 gcc compiler
[...]
make pre-build main-build 
a9-linaro-pre-build-step
 
Building file: ../src/multiplication.c
Invoking: ARM v7 gcc compiler
arm-none-eabi-gcc -Wall -O0 -g3 -c -fmessage-length=0 -MT"src/multiplication.o" -mcpu=cortex-a9 -mfpu=vfpv3 -mfloat-abi=hard -I../../Lab_3_bsp/ps7_cortexa9_0/include -MMD -MP -MF"src/multiplication.d" -MT"src/multiplication.o" -o "src/multiplication.o" "../src/multiplication.c"
../src/multiplication.c: In function 'main':
../src/multiplication.c:21:13: warning: format '%x' expects argument of type 'unsigned int', but argument 2 has type 'uint32_t {aka long unsigned int}' [-Wformat=]
  printf("%81x\n", regmap[0]);
          ~~~^     ~~~~~~~~~
          %81lx
../src/multiplication.c:22:13: warning: format '%x' expects argument of type 'unsigned int', but argument 2 has type 'uint32_t {aka long unsigned int}' [-Wformat=]
  printf("%81x\n", regmap[1]);
          ~~~^     ~~~~~~~~~
          %81lx
../src/multiplication.c:28:13: warning: format '%x' expects argument of type 'unsigned int', but argument 2 has type 'uint32_t {aka long unsigned int}' [-Wformat=]
  printf("%81x\n", regmap[0]);
          ~~~^     ~~~~~~~~~
          %81lx
../src/multiplication.c:29:13: warning: format '%x' expects argument of type 'unsigned int', but argument 2 has type 'uint32_t {aka long unsigned int}' [-Wformat=]
  printf("%81x\n", regmap[1]);
          ~~~^     ~~~~~~~~~
          %81lx
../src/multiplication.c:33:13: warning: format '%x' expects argument of type 'unsigned int', but argument 2 has type 'uint32_t {aka long unsigned int}' [-Wformat=]
  printf("%81x\n", regmap[0]);
          ~~~^     ~~~~~~~~~
          %81lx
../src/multiplication.c:34:13: warning: format '%x' expects argument of type 'unsigned int', but argument 2 has type 'uint32_t {aka long unsigned int}' [-Wformat=]
  printf("%81x\n", regmap[1]);
          ~~~^     ~~~~~~~~~
          %81lx
Finished building: ../src/multiplication.c
 
Building target: multiplication.elf
Invoking: ARM v7 gcc linker
arm-none-eabi-gcc -mcpu=cortex-a9 -mfpu=vfpv3 -mfloat-abi=hard -Wl,-build-id=none -specs=Xilinx.spec -Wl,-T -Wl,../src/lscript.ld -L../../Lab_3_bsp/ps7_cortexa9_0/lib -o "multiplication.elf" ./src/multiplication.o   -Wl,--start-group,-lxil,-lgcc,-lc,--end-group
Finished building target: multiplication.elf
 
Invoking: ARM v7 Print Size
arm-none-eabi-size multiplication.elf  |tee "multiplication.elf.size"
   text	   data	    bss	    dec	    hex	filename
  71108	   2580	  23328	  97016	  17af8	multiplication.elf
Finished building: multiplication.elf.size
 
05:15:06 **** Incremental Build of configuration Debug for project multiplication ****
make pre-build main-build 
a9-linaro-pre-build-step
 
make: Nothing to be done for 'main-build'.
05:15:27 **** Auto Build of configuration Debug for project multiplication ****
make pre-build main-build 
a9-linaro-pre-build-step
 
Building file: ../src/multiplication.c
Invoking: ARM v7 gcc compiler
arm-none-eabi-gcc -Wall -O0 -g3 -c -fmessage-length=0 -MT"src/multiplication.o" -mcpu=cortex-a9 -mfpu=vfpv3 -mfloat-abi=hard -I../../Lab_3_bsp/ps7_cortexa9_0/include -MMD -MP -MF"src/multiplication.d" -MT"src/multiplication.o" -o "src/multiplication.o" "../src/multiplication.c"
../src/multiplication.c: In function 'main':
../src/multiplication.c:21:13: warning: format '%x' expects argument of type 'unsigned int', but argument 2 has type 'uint32_t {aka long unsigned int}' [-Wformat=]
  printf("%81x\n", regmap[0]);
          ~~~^     ~~~~~~~~~
          %81lx
../src/multiplication.c:22:13: warning: format '%x' expects argument of type 'unsigned int', but argument 2 has type 'uint32_t {aka long unsigned int}' [-Wformat=]
  printf("%81x\n", regmap[1]);
          ~~~^     ~~~~~~~~~
          %81lx
../src/multiplication.c:28:13: warning: format '%x' expects argument of type 'unsigned int', but argument 2 has type 'uint32_t {aka long unsigned int}' [-Wformat=]
  printf("%81x\n", regmap[0]);
          ~~~^     ~~~~~~~~~
          %81lx
../src/multiplication.c:29:13: warning: format '%x' expects argument of type 'unsigned int', but argument 2 has type 'uint32_t {aka long unsigned int}' [-Wformat=]
  printf("%81x\n", regmap[1]);
          ~~~^     ~~~~~~~~~
          %81lx
../src/multiplication.c:33:13: warning: format '%x' expects argument of type 'unsigned int', but argument 2 has type 'uint32_t {aka long unsigned int}' [-Wformat=]
  printf("%81x\n", regmap[0]);
          ~~~^     ~~~~~~~~~
          %81lx
../src/multiplication.c:34:13: warning: format '%x' expects argument of type 'unsigned int', but argument 2 has type 'uint32_t {aka long unsigned int}' [-Wformat=]
  printf("%81x\n", regmap[1]);
          ~~~^     ~~~~~~~~~
          %81lx
Finished building: ../src/multiplication.c
 
Building target: multiplication.elf
Invoking: ARM v7 gcc linker
arm-none-eabi-gcc -mcpu=cortex-a9 -mfpu=vfpv3 -mfloat-abi=hard -Wl,-build-id=none -specs=Xilinx.spec -Wl,-T -Wl,../src/lscript.ld -L../../Lab_3_bsp/ps7_cortexa9_0/lib -o "multiplication.elf" ./src/multiplication.o   -Wl,--start-group,-lxil,-lgcc,-lc,--end-group
Finished building target: multiplication.elf
 
Invoking: ARM v7 Print Size
arm-none-eabi-size multiplication.elf  |tee "multiplication.elf.size"
   text	   data	    bss	    dec	    hex	filename
  71108	   2580	  23328	  97016	  17af8	multiplication.elf
Finished building: multiplication.elf.size
 
05:15:36 **** Incremental Build of configuration Debug for project multiplication ****
make pre-build main-build 
a9-linaro-pre-build-step
 
make: Nothing to be done for 'main-build'.
05:16:44 **** Auto Build of configuration Debug for project multiplication ****
make pre-build main-build 
a9-linaro-pre-build-step
 
Building file: ../src/multiplication.c
Invoking: ARM v7 gcc compiler
arm-none-eabi-gcc -Wall -O0 -g3 -c -fmessage-length=0 -MT"src/multiplication.o" -mcpu=cortex-a9 -mfpu=vfpv3 -mfloat-abi=hard -I../../Lab_3_bsp/ps7_cortexa9_0/include -MMD -MP -MF"src/multiplication.d" -MT"src/multiplication.o" -o "src/multiplication.o" "../src/multiplication.c"
../src/multiplication.c: In function 'main':
../src/multiplication.c:21:13: warning: format '%x' expects argument of type 'unsigned int', but argument 2 has type 'uint32_t {aka long unsigned int}' [-Wformat=]
  printf("%81x\n", regmap[0]);
          ~~~^     ~~~~~~~~~
          %81lx
../src/multiplication.c:22:13: warning: format '%x' expects argument of type 'unsigned int', but argument 2 has type 'uint32_t {aka long unsigned int}' [-Wformat=]
  printf("%81x\n", regmap[1]);
          ~~~^     ~~~~~~~~~
          %81lx
../src/multiplication.c:28:13: warning: format '%x' expects argument of type 'unsigned int', but argument 2 has type 'uint32_t {aka long unsigned int}' [-Wformat=]
  printf("%81x\n", regmap[0]);
          ~~~^     ~~~~~~~~~
          %81lx
../src/multiplication.c:29:13: warning: format '%x' expects argument of type 'unsigned int', but argument 2 has type 'uint32_t {aka long unsigned int}' [-Wformat=]
  printf("%81x\n", regmap[1]);
          ~~~^     ~~~~~~~~~
          %81lx
../src/multiplication.c:33:13: warning: format '%x' expects argument of type 'unsigned int', but argument 2 has type 'uint32_t {aka long unsigned int}' [-Wformat=]
  printf("%81x\n", regmap[0]);
          ~~~^     ~~~~~~~~~
          %81lx
../src/multiplication.c:34:13: warning: format '%x' expects argument of type 'unsigned int', but argument 2 has type 'uint32_t {aka long unsigned int}' [-Wformat=]
  printf("%81x\n", regmap[1]);
          ~~~^     ~~~~~~~~~
          %81lx
Finished building: ../src/multiplication.c
 
Building target: multiplication.elf
Invoking: ARM v7 gcc linker
arm-none-eabi-gcc -mcpu=cortex-a9 -mfpu=vfpv3 -mfloat-abi=hard -Wl,-build-id=none -specs=Xilinx.spec -Wl,-T -Wl,../src/lscript.ld -L../../Lab_3_bsp/ps7_cortexa9_0/lib -o "multiplication.elf" ./src/multiplication.o   -Wl,--start-group,-lxil,-lgcc,-lc,--end-group
Finished building target: multiplication.elf
 
Invoking: ARM v7 Print Size
arm-none-eabi-size multiplication.elf  |tee "multiplication.elf.size"
   text	   data	    bss	    dec	    hex	filename
  71108	   2580	  23328	  97016	  17af8	multiplication.elf
Finished building: multiplication.elf.size
 
05:16:59 **** Incremental Build of configuration Debug for project multiplication ****
make pre-build main-build 
a9-linaro-pre-build-step
 
make: Nothing to be done for 'main-build'.
05:17:51 **** Auto Build of configuration Debug for project multiplication ****
make pre-build main-build 
a9-linaro-pre-build-step
 
Building file: ../src/multiplication.c
Invoking: ARM v7 gcc compiler
arm-none-eabi-gcc -Wall -O0 -g3 -c -fmessage-length=0 -MT"src/multiplication.o" -mcpu=cortex-a9 -mfpu=vfpv3 -mfloat-abi=hard -I../../Lab_3_bsp/ps7_cortexa9_0/include -MMD -MP -MF"src/multiplication.d" -MT"src/multiplication.o" -o "src/multiplication.o" "../src/multiplication.c"
../src/multiplication.c: In function 'main':
../src/multiplication.c:20:13: warning: format '%x' expects argument of type 'unsigned int', but argument 2 has type 'uint32_t {aka long unsigned int}' [-Wformat=]
  printf("%81x\n", regmap[0]);
          ~~~^     ~~~~~~~~~
          %81lx
../src/multiplication.c:21:13: warning: format '%x' expects argument of type 'unsigned int', but argument 2 has type 'uint32_t {aka long unsigned int}' [-Wformat=]
  printf("%81x\n", regmap[1]);
          ~~~^     ~~~~~~~~~
          %81lx
../src/multiplication.c:27:13: warning: format '%x' expects argument of type 'unsigned int', but argument 2 has type 'uint32_t {aka long unsigned int}' [-Wformat=]
  printf("%81x\n", regmap[0]);
          ~~~^     ~~~~~~~~~
          %81lx
../src/multiplication.c:28:13: warning: format '%x' expects argument of type 'unsigned int', but argument 2 has type 'uint32_t {aka long unsigned int}' [-Wformat=]
  printf("%81x\n", regmap[1]);
          ~~~^     ~~~~~~~~~
          %81lx
../src/multiplication.c:32:13: warning: format '%x' expects argument of type 'unsigned int', but argument 2 has type 'uint32_t {aka long unsigned int}' [-Wformat=]
  printf("%81x\n", regmap[0]);
          ~~~^     ~~~~~~~~~
          %81lx
../src/multiplication.c:33:13: warning: format '%x' expects argument of type 'unsigned int', but argument 2 has type 'uint32_t {aka long unsigned int}' [-Wformat=]
  printf("%81x\n", regmap[1]);
          ~~~^     ~~~~~~~~~
          %81lx
Finished building: ../src/multiplication.c
 
Building target: multiplication.elf
Invoking: ARM v7 gcc linker
arm-none-eabi-gcc -mcpu=cortex-a9 -mfpu=vfpv3 -mfloat-abi=hard -Wl,-build-id=none -specs=Xilinx.spec -Wl,-T -Wl,../src/lscript.ld -L../../Lab_3_bsp/ps7_cortexa9_0/lib -o "multiplication.elf" ./src/multiplication.o   -Wl,--start-group,-lxil,-lgcc,-lc,--end-group
Finished building target: multiplication.elf
 
Invoking: ARM v7 Print Size
arm-none-eabi-size multiplication.elf  |tee "multiplication.elf.size"
   text	   data	    bss	    dec	    hex	filename
  71108	   2580	  23328	  97016	  17af8	multiplication.elf
Finished building: multiplication.elf.size
 
05:18:03 **** Incremental Build of configuration Debug for project multiplication ****
make pre-build main-build 
a9-linaro-pre-build-step
 
make: Nothing to be done for 'main-build'.
05:18:20 **** Incremental Build of configuration Debug for project multiplication ****
make pre-build main-build 
a9-linaro-pre-build-step
 
make: Nothing to be done for 'main-build'.
05:18:59 **** Auto Build of configuration Debug for project multiplication ****
make pre-build main-build 
a9-linaro-pre-build-step
 
Building file: ../src/multiplication.c
Invoking: ARM v7 gcc compiler
arm-none-eabi-gcc -Wall -O0 -g3 -c -fmessage-length=0 -MT"src/multiplication.o" -mcpu=cortex-a9 -mfpu=vfpv3 -mfloat-abi=hard -I../../Lab_3_bsp/ps7_cortexa9_0/include -MMD -MP -MF"src/multiplication.d" -MT"src/multiplication.o" -o "src/multiplication.o" "../src/multiplication.c"
../src/multiplication.c: In function 'main':
../src/multiplication.c:20:13: warning: format '%x' expects argument of type 'unsigned int', but argument 2 has type 'uint32_t {aka long unsigned int}' [-Wformat=]
  printf("%81x\n", regmap[0]);
          ~~~^     ~~~~~~~~~
          %81lx
../src/multiplication.c:21:13: warning: format '%x' expects argument of type 'unsigned int', but argument 2 has type 'uint32_t {aka long unsigned int}' [-Wformat=]
  printf("%81x\n", regmap[1]);
          ~~~^     ~~~~~~~~~
          %81lx
../src/multiplication.c:27:13: warning: format '%x' expects argument of type 'unsigned int', but argument 2 has type 'uint32_t {aka long unsigned int}' [-Wformat=]
  printf("%81x\n", regmap[0]);
          ~~~^     ~~~~~~~~~
          %81lx
../src/multiplication.c:28:13: warning: format '%x' expects argument of type 'unsigned int', but argument 2 has type 'uint32_t {aka long unsigned int}' [-Wformat=]
  printf("%81x\n", regmap[1]);
          ~~~^     ~~~~~~~~~
          %81lx
../src/multiplication.c:32:13: warning: format '%x' expects argument of type 'unsigned int', but argument 2 has type 'uint32_t {aka long unsigned int}' [-Wformat=]
  printf("%81x\n", regmap[0]);
          ~~~^     ~~~~~~~~~
          %81lx
../src/multiplication.c:33:13: warning: format '%x' expects argument of type 'unsigned int', but argument 2 has type 'uint32_t {aka long unsigned int}' [-Wformat=]
  printf("%81x\n", regmap[1]);
          ~~~^     ~~~~~~~~~
          %81lx
Finished building: ../src/multiplication.c
 
Building target: multiplication.elf
Invoking: ARM v7 gcc linker
arm-none-eabi-gcc -mcpu=cortex-a9 -mfpu=vfpv3 -mfloat-abi=hard -Wl,-build-id=none -specs=Xilinx.spec -Wl,-T -Wl,../src/lscript.ld -L../../Lab_3_bsp/ps7_cortexa9_0/lib -o "multiplication.elf" ./src/multiplication.o   -Wl,--start-group,-lxil,-lgcc,-lc,--end-group
Finished building target: multiplication.elf
 
Invoking: ARM v7 Print Size
arm-none-eabi-size multiplication.elf  |tee "multiplication.elf.size"
   text	   data	    bss	    dec	    hex	filename
  71108	   2580	  23328	  97016	  17af8	multiplication.elf
Finished building: multiplication.elf.size
 
05:19:07 **** Incremental Build of configuration Debug for project multiplication ****
make pre-build main-build 
a9-linaro-pre-build-step
 
make: Nothing to be done for 'main-build'.
05:19:57 **** Auto Build of configuration Debug for project multiplication ****
make pre-build main-build 
a9-linaro-pre-build-step
 
Building file: ../src/multiplication.c
Invoking: ARM v7 gcc compiler
arm-none-eabi-gcc -Wall -O0 -g3 -c -fmessage-length=0 -MT"src/multiplication.o" -mcpu=cortex-a9 -mfpu=vfpv3 -mfloat-abi=hard -I../../Lab_3_bsp/ps7_cortexa9_0/include -MMD -MP -MF"src/multiplication.d" -MT"src/multiplication.o" -o "src/multiplication.o" "../src/multiplication.c"
../src/multiplication.c: In function 'main':
../src/multiplication.c:20:13: warning: format '%x' expects argument of type 'unsigned int', but argument 2 has type 'uint32_t {aka long unsigned int}' [-Wformat=]
  printf("%81x\n", regmap[0]);
          ~~~^     ~~~~~~~~~
          %81lx
../src/multiplication.c:21:13: warning: format '%x' expects argument of type 'unsigned int', but argument 2 has type 'uint32_t {aka long unsigned int}' [-Wformat=]
  printf("%81x\n", regmap[1]);
          ~~~^     ~~~~~~~~~
          %81lx
../src/multiplication.c:26:13: warning: format '%x' expects argument of type 'unsigned int', but argument 2 has type 'uint32_t {aka long unsigned int}' [-Wformat=]
  printf("%81x\n", regmap[4])
          ~~~^     ~~~~~~~~~
          %81lx
../src/multiplication.c:27:2: error: expected ';' before 'regmap'
  regmap[4] = 0;
  ^~~~~~
../src/multiplication.c:28:13: warning: format '%x' expects argument of type 'unsigned int', but argument 2 has type 'uint32_t {aka long unsigned int}' [-Wformat=]
  printf("%81x\n", regmap[0]);
          ~~~^     ~~~~~~~~~
          %81lx
../src/multiplication.c:29:13: warning: format '%x' expects argument of type 'unsigned int', but argument 2 has type 'uint32_t {aka long unsigned int}' [-Wformat=]
  printf("%81x\n", regmap[1]);
          ~~~^     ~~~~~~~~~
          %81lx
../src/multiplication.c:33:13: warning: format '%x' expects argument of type 'unsigned int', but argument 2 has type 'uint32_t {aka long unsigned int}' [-Wformat=]
  printf("%81x\n", regmap[0]);
          ~~~^     ~~~~~~~~~
          %81lx
../src/multiplication.c:34:13: warning: format '%x' expects argument of type 'unsigned int', but argument 2 has type 'uint32_t {aka long unsigned int}' [-Wformat=]
  printf("%81x\n", regmap[1]);
          ~~~^     ~~~~~~~~~
          %81lx
make: *** [src/subdir.mk:23: src/multiplication.o] Error 1
05:19:58 **** Auto Build of configuration Debug for project multiplication ****
make pre-build main-build 
a9-linaro-pre-build-step
 
Building file: ../src/multiplication.c
Invoking: ARM v7 gcc compiler
arm-none-eabi-gcc -Wall -O0 -g3 -c -fmessage-length=0 -MT"src/multiplication.o" -mcpu=cortex-a9 -mfpu=vfpv3 -mfloat-abi=hard -I../../Lab_3_bsp/ps7_cortexa9_0/include -MMD -MP -MF"src/multiplication.d" -MT"src/multiplication.o" -o "src/multiplication.o" "../src/multiplication.c"
../src/multiplication.c: In function 'main':
../src/multiplication.c:20:13: warning: format '%x' expects argument of type 'unsigned int', but argument 2 has type 'uint32_t {aka long unsigned int}' [-Wformat=]
  printf("%81x\n", regmap[0]);
          ~~~^     ~~~~~~~~~
          %81lx
../src/multiplication.c:21:13: warning: format '%x' expects argument of type 'unsigned int', but argument 2 has type 'uint32_t {aka long unsigned int}' [-Wformat=]
  printf("%81x\n", regmap[1]);
          ~~~^     ~~~~~~~~~
          %81lx
../src/multiplication.c:26:13: warning: format '%x' expects argument of type 'unsigned int', but argument 2 has type 'uint32_t {aka long unsigned int}' [-Wformat=]
  printf("%81x\n", regmap[4]);
          ~~~^     ~~~~~~~~~
          %81lx
../src/multiplication.c:28:13: warning: format '%x' expects argument of type 'unsigned int', but argument 2 has type 'uint32_t {aka long unsigned int}' [-Wformat=]
  printf("%81x\n", regmap[0]);
          ~~~^     ~~~~~~~~~
          %81lx
../src/multiplication.c:29:13: warning: format '%x' expects argument of type 'unsigned int', but argument 2 has type 'uint32_t {aka long unsigned int}' [-Wformat=]
  printf("%81x\n", regmap[1]);
          ~~~^     ~~~~~~~~~
          %81lx
../src/multiplication.c:33:13: warning: format '%x' expects argument of type 'unsigned int', but argument 2 has type 'uint32_t {aka long unsigned int}' [-Wformat=]
  printf("%81x\n", regmap[0]);
          ~~~^     ~~~~~~~~~
          %81lx
../src/multiplication.c:34:13: warning: format '%x' expects argument of type 'unsigned int', but argument 2 has type 'uint32_t {aka long unsigned int}' [-Wformat=]
  printf("%81x\n", regmap[1]);
          ~~~^     ~~~~~~~~~
          %81lx
Finished building: ../src/multiplication.c
 
Building target: multiplication.elf
Invoking: ARM v7 gcc linker
arm-none-eabi-gcc -mcpu=cortex-a9 -mfpu=vfpv3 -mfloat-abi=hard -Wl,-build-id=none -specs=Xilinx.spec -Wl,-T -Wl,../src/lscript.ld -L../../Lab_3_bsp/ps7_cortexa9_0/lib -o "multiplication.elf" ./src/multiplication.o   -Wl,--start-group,-lxil,-lgcc,-lc,--end-group
Finished building target: multiplication.elf
 
Invoking: ARM v7 Print Size
arm-none-eabi-size multiplication.elf  |tee "multiplication.elf.size"
   text	   data	    bss	    dec	    hex	filename
  71108	   2580	  23328	  97016	  17af8	multiplication.elf
Finished building: multiplication.elf.size
 
05:20:06 **** Incremental Build of configuration Debug for project multiplication ****
make pre-build main-build 
a9-linaro-pre-build-step
 
make: Nothing to be done for 'main-build'.
05:36:03 **** Incremental Build of configuration Debug for project multiplication ****
make pre-build main-build 
a9-linaro-pre-build-step
 
make: Nothing to be done for 'main-build'.
05:39:50 **** Incremental Build of configuration Debug for project multiplication ****
make pre-build main-build 
a9-linaro-pre-build-step
 
make: Nothing to be done for 'main-build'.
